<?xml version="1.0" encoding="ISO-8859-1" ?>
<link_info>
   <banner>TI ARM Linker PC v20.2.5.LTS</banner>
   <copyright>Copyright (c) 1996-2018 Texas Instruments Incorporated</copyright>
   <link_time>0x6291d742</link_time>
   <link_errors>0x0</link_errors>
   <output_file>ESP432watch.out</output_file>
   <entry_point>
      <name>_c_int00_noargs</name>
      <address>0x36fd</address>
   </entry_point>
   <input_file_list>
      <input_file id="fl-2">
         <path>.\</path>
         <kind>object</kind>
         <file>Clock.obj</file>
         <name>Clock.obj</name>
      </input_file>
      <input_file id="fl-3">
         <path>.\</path>
         <kind>object</kind>
         <file>CortexM.obj</file>
         <name>CortexM.obj</name>
      </input_file>
      <input_file id="fl-4">
         <path>.\</path>
         <kind>object</kind>
         <file>DS1302.obj</file>
         <name>DS1302.obj</name>
      </input_file>
      <input_file id="fl-5">
         <path>.\</path>
         <kind>object</kind>
         <file>OLED.obj</file>
         <name>OLED.obj</name>
      </input_file>
      <input_file id="fl-6">
         <path>.\</path>
         <kind>object</kind>
         <file>Timer32.obj</file>
         <name>Timer32.obj</name>
      </input_file>
      <input_file id="fl-7">
         <path>.\</path>
         <kind>object</kind>
         <file>UART0.obj</file>
         <name>UART0.obj</name>
      </input_file>
      <input_file id="fl-8">
         <path>.\</path>
         <kind>object</kind>
         <file>Uart.obj</file>
         <name>Uart.obj</name>
      </input_file>
      <input_file id="fl-9">
         <path>.\</path>
         <kind>object</kind>
         <file>interface.obj</file>
         <name>interface.obj</name>
      </input_file>
      <input_file id="fl-a">
         <path>.\</path>
         <kind>object</kind>
         <file>key.obj</file>
         <name>key.obj</name>
      </input_file>
      <input_file id="fl-b">
         <path>.\</path>
         <kind>object</kind>
         <file>main.obj</file>
         <name>main.obj</name>
      </input_file>
      <input_file id="fl-c">
         <path>.\</path>
         <kind>object</kind>
         <file>startup_msp432p401r_ccs.obj</file>
         <name>startup_msp432p401r_ccs.obj</name>
      </input_file>
      <input_file id="fl-d">
         <path>.\</path>
         <kind>object</kind>
         <file>system_msp432p401r.obj</file>
         <name>system_msp432p401r.obj</name>
      </input_file>
      <input_file id="fl-12">
         <kind>object</kind>
         <file>&lt;internal&gt;</file>
         <name>&lt;internal&gt;</name>
      </input_file>
      <input_file id="fl-c8">
         <path>C:\TI\ccs1100\ccs\tools\compiler\ti-cgt-arm_20.2.5.LTS\lib\</path>
         <kind>archive</kind>
         <file>rtsv7M4_T_le_v4SPD16_eabi.lib</file>
         <name>fopen.c.obj</name>
      </input_file>
      <input_file id="fl-c9">
         <path>C:\TI\ccs1100\ccs\tools\compiler\ti-cgt-arm_20.2.5.LTS\lib\</path>
         <kind>archive</kind>
         <file>rtsv7M4_T_le_v4SPD16_eabi.lib</file>
         <name>setvbuf.c.obj</name>
      </input_file>
      <input_file id="fl-ca">
         <path>C:\TI\ccs1100\ccs\tools\compiler\ti-cgt-arm_20.2.5.LTS\lib\</path>
         <kind>archive</kind>
         <file>rtsv7M4_T_le_v4SPD16_eabi.lib</file>
         <name>fd_add_t2.asm.obj</name>
      </input_file>
      <input_file id="fl-cb">
         <path>C:\TI\ccs1100\ccs\tools\compiler\ti-cgt-arm_20.2.5.LTS\lib\</path>
         <kind>archive</kind>
         <file>rtsv7M4_T_le_v4SPD16_eabi.lib</file>
         <name>fd_cmp_t2.asm.obj</name>
      </input_file>
      <input_file id="fl-cc">
         <path>C:\TI\ccs1100\ccs\tools\compiler\ti-cgt-arm_20.2.5.LTS\lib\</path>
         <kind>archive</kind>
         <file>rtsv7M4_T_le_v4SPD16_eabi.lib</file>
         <name>fd_mul_t2.asm.obj</name>
      </input_file>
      <input_file id="fl-cd">
         <path>C:\TI\ccs1100\ccs\tools\compiler\ti-cgt-arm_20.2.5.LTS\lib\</path>
         <kind>archive</kind>
         <file>rtsv7M4_T_le_v4SPD16_eabi.lib</file>
         <name>fd_toi_t2.asm.obj</name>
      </input_file>
      <input_file id="fl-ce">
         <path>C:\TI\ccs1100\ccs\tools\compiler\ti-cgt-arm_20.2.5.LTS\lib\</path>
         <kind>archive</kind>
         <file>rtsv7M4_T_le_v4SPD16_eabi.lib</file>
         <name>i_tofd_t2.asm.obj</name>
      </input_file>
      <input_file id="fl-cf">
         <path>C:\TI\ccs1100\ccs\tools\compiler\ti-cgt-arm_20.2.5.LTS\lib\</path>
         <kind>archive</kind>
         <file>rtsv7M4_T_le_v4SPD16_eabi.lib</file>
         <name>memset_t2.asm.obj</name>
      </input_file>
      <input_file id="fl-d0">
         <path>C:\TI\ccs1100\ccs\tools\compiler\ti-cgt-arm_20.2.5.LTS\lib\</path>
         <kind>archive</kind>
         <file>rtsv7M4_T_le_v4SPD16_eabi.lib</file>
         <name>copy_zero_init.c.obj</name>
      </input_file>
      <input_file id="fl-d1">
         <path>C:\TI\ccs1100\ccs\tools\compiler\ti-cgt-arm_20.2.5.LTS\lib\</path>
         <kind>archive</kind>
         <file>rtsv7M4_T_le_v4SPD16_eabi.lib</file>
         <name>copy_decompress_none.c.obj</name>
      </input_file>
      <input_file id="fl-d2">
         <path>C:\TI\ccs1100\ccs\tools\compiler\ti-cgt-arm_20.2.5.LTS\lib\</path>
         <kind>archive</kind>
         <file>rtsv7M4_T_le_v4SPD16_eabi.lib</file>
         <name>copy_decompress_lzss.c.obj</name>
      </input_file>
      <input_file id="fl-d3">
         <path>C:\TI\ccs1100\ccs\tools\compiler\ti-cgt-arm_20.2.5.LTS\lib\</path>
         <kind>archive</kind>
         <file>rtsv7M4_T_le_v4SPD16_eabi.lib</file>
         <name>exit.c.obj</name>
      </input_file>
      <input_file id="fl-d4">
         <path>C:\TI\ccs1100\ccs\tools\compiler\ti-cgt-arm_20.2.5.LTS\lib\</path>
         <kind>archive</kind>
         <file>rtsv7M4_T_le_v4SPD16_eabi.lib</file>
         <name>_lock.c.obj</name>
      </input_file>
      <input_file id="fl-d5">
         <path>C:\TI\ccs1100\ccs\tools\compiler\ti-cgt-arm_20.2.5.LTS\lib\</path>
         <kind>archive</kind>
         <file>rtsv7M4_T_le_v4SPD16_eabi.lib</file>
         <name>defs.c.obj</name>
      </input_file>
      <input_file id="fl-d6">
         <path>C:\TI\ccs1100\ccs\tools\compiler\ti-cgt-arm_20.2.5.LTS\lib\</path>
         <kind>archive</kind>
         <file>rtsv7M4_T_le_v4SPD16_eabi.lib</file>
         <name>memory.c.obj</name>
      </input_file>
      <input_file id="fl-d7">
         <path>C:\TI\ccs1100\ccs\tools\compiler\ti-cgt-arm_20.2.5.LTS\lib\</path>
         <kind>archive</kind>
         <file>rtsv7M4_T_le_v4SPD16_eabi.lib</file>
         <name>boot_cortex_m.c.obj</name>
      </input_file>
      <input_file id="fl-d8">
         <path>C:\TI\ccs1100\ccs\tools\compiler\ti-cgt-arm_20.2.5.LTS\lib\</path>
         <kind>archive</kind>
         <file>rtsv7M4_T_le_v4SPD16_eabi.lib</file>
         <name>open.c.obj</name>
      </input_file>
      <input_file id="fl-d9">
         <path>C:\TI\ccs1100\ccs\tools\compiler\ti-cgt-arm_20.2.5.LTS\lib\</path>
         <kind>archive</kind>
         <file>rtsv7M4_T_le_v4SPD16_eabi.lib</file>
         <name>add_device.c.obj</name>
      </input_file>
      <input_file id="fl-da">
         <path>C:\TI\ccs1100\ccs\tools\compiler\ti-cgt-arm_20.2.5.LTS\lib\</path>
         <kind>archive</kind>
         <file>rtsv7M4_T_le_v4SPD16_eabi.lib</file>
         <name>fclose.c.obj</name>
      </input_file>
      <input_file id="fl-db">
         <path>C:\TI\ccs1100\ccs\tools\compiler\ti-cgt-arm_20.2.5.LTS\lib\</path>
         <kind>archive</kind>
         <file>rtsv7M4_T_le_v4SPD16_eabi.lib</file>
         <name>fflush.c.obj</name>
      </input_file>
      <input_file id="fl-dc">
         <path>C:\TI\ccs1100\ccs\tools\compiler\ti-cgt-arm_20.2.5.LTS\lib\</path>
         <kind>archive</kind>
         <file>rtsv7M4_T_le_v4SPD16_eabi.lib</file>
         <name>getdevice.c.obj</name>
      </input_file>
      <input_file id="fl-dd">
         <path>C:\TI\ccs1100\ccs\tools\compiler\ti-cgt-arm_20.2.5.LTS\lib\</path>
         <kind>archive</kind>
         <file>rtsv7M4_T_le_v4SPD16_eabi.lib</file>
         <name>memcpy_t2.asm.obj</name>
      </input_file>
      <input_file id="fl-de">
         <path>C:\TI\ccs1100\ccs\tools\compiler\ti-cgt-arm_20.2.5.LTS\lib\</path>
         <kind>archive</kind>
         <file>rtsv7M4_T_le_v4SPD16_eabi.lib</file>
         <name>autoinit.c.obj</name>
      </input_file>
      <input_file id="fl-df">
         <path>C:\TI\ccs1100\ccs\tools\compiler\ti-cgt-arm_20.2.5.LTS\lib\</path>
         <kind>archive</kind>
         <file>rtsv7M4_T_le_v4SPD16_eabi.lib</file>
         <name>pre_init.c.obj</name>
      </input_file>
      <input_file id="fl-e0">
         <path>C:\TI\ccs1100\ccs\tools\compiler\ti-cgt-arm_20.2.5.LTS\lib\</path>
         <kind>archive</kind>
         <file>rtsv7M4_T_le_v4SPD16_eabi.lib</file>
         <name>cpy_tbl.c.obj</name>
      </input_file>
      <input_file id="fl-e1">
         <path>C:\TI\ccs1100\ccs\tools\compiler\ti-cgt-arm_20.2.5.LTS\lib\</path>
         <kind>archive</kind>
         <file>rtsv7M4_T_le_v4SPD16_eabi.lib</file>
         <name>args_main.c.obj</name>
      </input_file>
      <input_file id="fl-e2">
         <path>C:\TI\ccs1100\ccs\tools\compiler\ti-cgt-arm_20.2.5.LTS\lib\</path>
         <kind>archive</kind>
         <file>rtsv7M4_T_le_v4SPD16_eabi.lib</file>
         <name>strchr.c.obj</name>
      </input_file>
      <input_file id="fl-e3">
         <path>C:\TI\ccs1100\ccs\tools\compiler\ti-cgt-arm_20.2.5.LTS\lib\</path>
         <kind>archive</kind>
         <file>rtsv7M4_T_le_v4SPD16_eabi.lib</file>
         <name>strcmp.c.obj</name>
      </input_file>
      <input_file id="fl-e4">
         <path>C:\TI\ccs1100\ccs\tools\compiler\ti-cgt-arm_20.2.5.LTS\lib\</path>
         <kind>archive</kind>
         <file>rtsv7M4_T_le_v4SPD16_eabi.lib</file>
         <name>strncpy.c.obj</name>
      </input_file>
      <input_file id="fl-e5">
         <path>C:\TI\ccs1100\ccs\tools\compiler\ti-cgt-arm_20.2.5.LTS\lib\</path>
         <kind>archive</kind>
         <file>rtsv7M4_T_le_v4SPD16_eabi.lib</file>
         <name>write.c.obj</name>
      </input_file>
      <input_file id="fl-e6">
         <path>C:\TI\ccs1100\ccs\tools\compiler\ti-cgt-arm_20.2.5.LTS\lib\</path>
         <kind>archive</kind>
         <file>rtsv7M4_T_le_v4SPD16_eabi.lib</file>
         <name>host_device.c.obj</name>
      </input_file>
      <input_file id="fl-e7">
         <path>C:\TI\ccs1100\ccs\tools\compiler\ti-cgt-arm_20.2.5.LTS\lib\</path>
         <kind>archive</kind>
         <file>rtsv7M4_T_le_v4SPD16_eabi.lib</file>
         <name>remove.c.obj</name>
      </input_file>
      <input_file id="fl-e8">
         <path>C:\TI\ccs1100\ccs\tools\compiler\ti-cgt-arm_20.2.5.LTS\lib\</path>
         <kind>archive</kind>
         <file>rtsv7M4_T_le_v4SPD16_eabi.lib</file>
         <name>close.c.obj</name>
      </input_file>
      <input_file id="fl-e9">
         <path>C:\TI\ccs1100\ccs\tools\compiler\ti-cgt-arm_20.2.5.LTS\lib\</path>
         <kind>archive</kind>
         <file>rtsv7M4_T_le_v4SPD16_eabi.lib</file>
         <name>unlink.c.obj</name>
      </input_file>
      <input_file id="fl-ea">
         <path>C:\TI\ccs1100\ccs\tools\compiler\ti-cgt-arm_20.2.5.LTS\lib\</path>
         <kind>archive</kind>
         <file>rtsv7M4_T_le_v4SPD16_eabi.lib</file>
         <name>hostclose.c.obj</name>
      </input_file>
      <input_file id="fl-eb">
         <path>C:\TI\ccs1100\ccs\tools\compiler\ti-cgt-arm_20.2.5.LTS\lib\</path>
         <kind>archive</kind>
         <file>rtsv7M4_T_le_v4SPD16_eabi.lib</file>
         <name>hostlseek.c.obj</name>
      </input_file>
      <input_file id="fl-ec">
         <path>C:\TI\ccs1100\ccs\tools\compiler\ti-cgt-arm_20.2.5.LTS\lib\</path>
         <kind>archive</kind>
         <file>rtsv7M4_T_le_v4SPD16_eabi.lib</file>
         <name>hostopen.c.obj</name>
      </input_file>
      <input_file id="fl-ed">
         <path>C:\TI\ccs1100\ccs\tools\compiler\ti-cgt-arm_20.2.5.LTS\lib\</path>
         <kind>archive</kind>
         <file>rtsv7M4_T_le_v4SPD16_eabi.lib</file>
         <name>hostread.c.obj</name>
      </input_file>
      <input_file id="fl-ee">
         <path>C:\TI\ccs1100\ccs\tools\compiler\ti-cgt-arm_20.2.5.LTS\lib\</path>
         <kind>archive</kind>
         <file>rtsv7M4_T_le_v4SPD16_eabi.lib</file>
         <name>hostrename.c.obj</name>
      </input_file>
      <input_file id="fl-ef">
         <path>C:\TI\ccs1100\ccs\tools\compiler\ti-cgt-arm_20.2.5.LTS\lib\</path>
         <kind>archive</kind>
         <file>rtsv7M4_T_le_v4SPD16_eabi.lib</file>
         <name>hostunlink.c.obj</name>
      </input_file>
      <input_file id="fl-f0">
         <path>C:\TI\ccs1100\ccs\tools\compiler\ti-cgt-arm_20.2.5.LTS\lib\</path>
         <kind>archive</kind>
         <file>rtsv7M4_T_le_v4SPD16_eabi.lib</file>
         <name>hostwrite.c.obj</name>
      </input_file>
      <input_file id="fl-f1">
         <path>C:\TI\ccs1100\ccs\tools\compiler\ti-cgt-arm_20.2.5.LTS\lib\</path>
         <kind>archive</kind>
         <file>rtsv7M4_T_le_v4SPD16_eabi.lib</file>
         <name>trgmsg.c.obj</name>
      </input_file>
      <input_file id="fl-f2">
         <path>C:\TI\ccs1100\ccs\tools\compiler\ti-cgt-arm_20.2.5.LTS\lib\</path>
         <kind>archive</kind>
         <file>rtsv7M4_T_le_v4SPD16_eabi.lib</file>
         <name>strcpy.c.obj</name>
      </input_file>
      <input_file id="fl-f3">
         <path>C:\TI\ccs1100\ccs\tools\compiler\ti-cgt-arm_20.2.5.LTS\lib\</path>
         <kind>archive</kind>
         <file>rtsv7M4_T_le_v4SPD16_eabi.lib</file>
         <name>strlen.c.obj</name>
      </input_file>
      <input_file id="fl-f4">
         <path>C:\TI\simplelink_msp432p4_sdk_3_40_01_02\source\ti\devices\msp432p4xx\driverlib\ccs\</path>
         <kind>archive</kind>
         <file>msp432p4xx_driverlib.lib</file>
         <name>cs.o</name>
      </input_file>
      <input_file id="fl-f5">
         <path>C:\TI\simplelink_msp432p4_sdk_3_40_01_02\source\ti\devices\msp432p4xx\driverlib\ccs\</path>
         <kind>archive</kind>
         <file>msp432p4xx_driverlib.lib</file>
         <name>gpio.o</name>
      </input_file>
      <input_file id="fl-f6">
         <path>C:\TI\simplelink_msp432p4_sdk_3_40_01_02\source\ti\devices\msp432p4xx\driverlib\ccs\</path>
         <kind>archive</kind>
         <file>msp432p4xx_driverlib.lib</file>
         <name>interrupt.o</name>
      </input_file>
      <input_file id="fl-f7">
         <path>C:\TI\simplelink_msp432p4_sdk_3_40_01_02\source\ti\devices\msp432p4xx\driverlib\ccs\</path>
         <kind>archive</kind>
         <file>msp432p4xx_driverlib.lib</file>
         <name>sysctl_a.o</name>
      </input_file>
      <input_file id="fl-f8">
         <path>C:\TI\simplelink_msp432p4_sdk_3_40_01_02\source\ti\devices\msp432p4xx\driverlib\ccs\</path>
         <kind>archive</kind>
         <file>msp432p4xx_driverlib.lib</file>
         <name>uart.o</name>
      </input_file>
      <input_file id="fl-f9">
         <path>C:\TI\simplelink_msp432p4_sdk_3_40_01_02\source\ti\devices\msp432p4xx\driverlib\ccs\</path>
         <kind>archive</kind>
         <file>msp432p4xx_driverlib.lib</file>
         <name>cpu.o</name>
      </input_file>
   </input_file_list>
   <object_component_list>
      <object_component id="oc-26">
         <name>.intvecs:retain</name>
         <load_address>0x0</load_address>
         <run_address>0x0</run_address>
         <size>0xe4</size>
         <input_file_ref idref="fl-c"/>
      </object_component>
      <object_component id="oc-1bf">
         <name>.text</name>
         <load_address>0xe4</load_address>
         <run_address>0xe4</run_address>
         <size>0xb58</size>
         <input_file_ref idref="fl-9"/>
      </object_component>
      <object_component id="oc-1ad">
         <name>.text</name>
         <load_address>0xc3c</load_address>
         <run_address>0xc3c</run_address>
         <size>0x8e0</size>
         <input_file_ref idref="fl-4"/>
      </object_component>
      <object_component id="oc-7c">
         <name>.text</name>
         <load_address>0x151c</load_address>
         <run_address>0x151c</run_address>
         <size>0x8d0</size>
         <input_file_ref idref="fl-a"/>
      </object_component>
      <object_component id="oc-1a7">
         <name>.text</name>
         <load_address>0x1dec</load_address>
         <run_address>0x1dec</run_address>
         <size>0x82c</size>
         <input_file_ref idref="fl-5"/>
      </object_component>
      <object_component id="oc-be">
         <name>.text</name>
         <load_address>0x2618</load_address>
         <run_address>0x2618</run_address>
         <size>0x334</size>
         <input_file_ref idref="fl-d"/>
      </object_component>
      <object_component id="oc-143">
         <name>.text</name>
         <load_address>0x294c</load_address>
         <run_address>0x294c</run_address>
         <size>0x1e0</size>
         <input_file_ref idref="fl-2"/>
      </object_component>
      <object_component id="oc-16d">
         <name>.text</name>
         <load_address>0x2b2c</load_address>
         <run_address>0x2b2c</run_address>
         <size>0x1b6</size>
         <input_file_ref idref="fl-ca"/>
      </object_component>
      <object_component id="oc-ac">
         <name>.text</name>
         <load_address>0x2ce4</load_address>
         <run_address>0x2ce4</run_address>
         <size>0x180</size>
         <input_file_ref idref="fl-b"/>
      </object_component>
      <object_component id="oc-d7">
         <name>.text:UART_initModule</name>
         <load_address>0x2e64</load_address>
         <run_address>0x2e64</run_address>
         <size>0x11c</size>
         <input_file_ref idref="fl-f8"/>
      </object_component>
      <object_component id="oc-163">
         <name>.text</name>
         <load_address>0x2f80</load_address>
         <run_address>0x2f80</run_address>
         <size>0xfc</size>
         <input_file_ref idref="fl-cc"/>
      </object_component>
      <object_component id="oc-3a">
         <name>.text</name>
         <load_address>0x307c</load_address>
         <run_address>0x307c</run_address>
         <size>0x9c</size>
         <input_file_ref idref="fl-dd"/>
      </object_component>
      <object_component id="oc-cb">
         <name>.text:GPIO_setAsPeripheralModuleFunctionOutputPin</name>
         <load_address>0x3118</load_address>
         <run_address>0x3118</run_address>
         <size>0x88</size>
         <input_file_ref idref="fl-f5"/>
      </object_component>
      <object_component id="oc-168">
         <name>.text:__aeabi_cdrcmple</name>
         <load_address>0x31a0</load_address>
         <run_address>0x31a0</run_address>
         <size>0x86</size>
         <input_file_ref idref="fl-cb"/>
      </object_component>
      <object_component id="oc-13d">
         <name>.text:GPIO_getEnabledInterruptStatus</name>
         <load_address>0x3228</load_address>
         <run_address>0x3228</run_address>
         <size>0x84</size>
         <input_file_ref idref="fl-f5"/>
      </object_component>
      <object_component id="oc-e9">
         <name>.text:Interrupt_enableInterrupt</name>
         <load_address>0x32ac</load_address>
         <run_address>0x32ac</run_address>
         <size>0x80</size>
         <input_file_ref idref="fl-f6"/>
      </object_component>
      <object_component id="oc-76">
         <name>.text</name>
         <load_address>0x332c</load_address>
         <run_address>0x332c</run_address>
         <size>0x70</size>
         <input_file_ref idref="fl-6"/>
      </object_component>
      <object_component id="oc-70">
         <name>.text</name>
         <load_address>0x339c</load_address>
         <run_address>0x339c</run_address>
         <size>0x70</size>
         <input_file_ref idref="fl-8"/>
      </object_component>
      <object_component id="oc-17">
         <name>.text:decompress:lzss:__TI_decompress_lzss</name>
         <load_address>0x340c</load_address>
         <run_address>0x340c</run_address>
         <size>0x68</size>
         <input_file_ref idref="fl-d2"/>
      </object_component>
      <object_component id="oc-ef">
         <name>.text:UART_getEnabledInterruptStatus</name>
         <load_address>0x3474</load_address>
         <run_address>0x3474</run_address>
         <size>0x64</size>
         <input_file_ref idref="fl-f8"/>
      </object_component>
      <object_component id="oc-24d">
         <name>.text:Interrupt_registerInterrupt</name>
         <load_address>0x34d8</load_address>
         <run_address>0x34d8</run_address>
         <size>0x5c</size>
         <input_file_ref idref="fl-f6"/>
      </object_component>
      <object_component id="oc-119">
         <name>.text:GPIO_setAsInputPinWithPullUpResistor</name>
         <load_address>0x3534</load_address>
         <run_address>0x3534</run_address>
         <size>0x58</size>
         <input_file_ref idref="fl-f5"/>
      </object_component>
      <object_component id="oc-172">
         <name>.text</name>
         <load_address>0x358c</load_address>
         <run_address>0x358c</run_address>
         <size>0x48</size>
         <input_file_ref idref="fl-cd"/>
      </object_component>
      <object_component id="oc-1d9">
         <name>.text:__TI_auto_init_nobinit_nopinit:__TI_auto_init_nobinit_nopinit</name>
         <load_address>0x35d4</load_address>
         <run_address>0x35d4</run_address>
         <size>0x44</size>
         <input_file_ref idref="fl-de"/>
      </object_component>
      <object_component id="oc-c5">
         <name>.text:GPIO_setAsOutputPin</name>
         <load_address>0x3618</load_address>
         <run_address>0x3618</run_address>
         <size>0x40</size>
         <input_file_ref idref="fl-f5"/>
      </object_component>
      <object_component id="oc-11f">
         <name>.text:GPIO_interruptEdgeSelect</name>
         <load_address>0x3658</load_address>
         <run_address>0x3658</run_address>
         <size>0x3c</size>
         <input_file_ref idref="fl-f5"/>
      </object_component>
      <object_component id="oc-d1">
         <name>.text:CS_setDCOCenteredFrequency</name>
         <load_address>0x3694</load_address>
         <run_address>0x3694</run_address>
         <size>0x34</size>
         <input_file_ref idref="fl-f4"/>
      </object_component>
      <object_component id="oc-fb">
         <name>.text:UART_transmitData</name>
         <load_address>0x36c8</load_address>
         <run_address>0x36c8</run_address>
         <size>0x34</size>
         <input_file_ref idref="fl-f8"/>
      </object_component>
      <object_component id="oc-58">
         <name>.text:_c_int00_noargs:_c_int00_noargs</name>
         <load_address>0x36fc</load_address>
         <run_address>0x36fc</run_address>
         <size>0x34</size>
         <input_file_ref idref="fl-d7"/>
      </object_component>
      <object_component id="oc-149">
         <name>.text:GPIO_getInputPinValue</name>
         <load_address>0x3730</load_address>
         <run_address>0x3730</run_address>
         <size>0x30</size>
         <input_file_ref idref="fl-f5"/>
      </object_component>
      <object_component id="oc-e3">
         <name>.text:UART_enableInterrupt</name>
         <load_address>0x3760</load_address>
         <run_address>0x3760</run_address>
         <size>0x30</size>
         <input_file_ref idref="fl-f8"/>
      </object_component>
      <object_component id="oc-f5">
         <name>.text:UART_receiveData</name>
         <load_address>0x3790</load_address>
         <run_address>0x3790</run_address>
         <size>0x30</size>
         <input_file_ref idref="fl-f8"/>
      </object_component>
      <object_component id="oc-15e">
         <name>.text</name>
         <load_address>0x37c0</load_address>
         <run_address>0x37c0</run_address>
         <size>0x2e</size>
         <input_file_ref idref="fl-ce"/>
      </object_component>
      <object_component id="oc-125">
         <name>.text:GPIO_clearInterruptFlag</name>
         <load_address>0x37f0</load_address>
         <run_address>0x37f0</run_address>
         <size>0x28</size>
         <input_file_ref idref="fl-f5"/>
      </object_component>
      <object_component id="oc-131">
         <name>.text:GPIO_enableInterrupt</name>
         <load_address>0x3818</load_address>
         <run_address>0x3818</run_address>
         <size>0x28</size>
         <input_file_ref idref="fl-f5"/>
      </object_component>
      <object_component id="oc-1b3">
         <name>.text:GPIO_setOutputHighOnPin</name>
         <load_address>0x3840</load_address>
         <run_address>0x3840</run_address>
         <size>0x28</size>
         <input_file_ref idref="fl-f5"/>
      </object_component>
      <object_component id="oc-1b9">
         <name>.text:GPIO_setOutputLowOnPin</name>
         <load_address>0x3868</load_address>
         <run_address>0x3868</run_address>
         <size>0x28</size>
         <input_file_ref idref="fl-f5"/>
      </object_component>
      <object_component id="oc-14f">
         <name>.text:GPIO_toggleOutputOnPin</name>
         <load_address>0x3890</load_address>
         <run_address>0x3890</run_address>
         <size>0x28</size>
         <input_file_ref idref="fl-f5"/>
      </object_component>
      <object_component id="oc-17d">
         <name>.text:GPIO_getInterruptStatus</name>
         <load_address>0x38b8</load_address>
         <run_address>0x38b8</run_address>
         <size>0x24</size>
         <input_file_ref idref="fl-f5"/>
      </object_component>
      <object_component id="oc-12b">
         <name>.text:GPIO_registerInterrupt</name>
         <load_address>0x38dc</load_address>
         <run_address>0x38dc</run_address>
         <size>0x24</size>
         <input_file_ref idref="fl-f5"/>
      </object_component>
      <object_component id="oc-46">
         <name>.text:decompress:ZI:__TI_zero_init_nomemset:__TI_zero_init_nomemset</name>
         <load_address>0x3900</load_address>
         <run_address>0x3900</run_address>
         <size>0x1c</size>
         <input_file_ref idref="fl-d0"/>
      </object_component>
      <object_component id="oc-22c">
         <name>.text:UART_getInterruptStatus</name>
         <load_address>0x391c</load_address>
         <run_address>0x391c</run_address>
         <size>0x18</size>
         <input_file_ref idref="fl-f8"/>
      </object_component>
      <object_component id="oc-101">
         <name>.text:UART_clearInterruptFlag</name>
         <load_address>0x3934</load_address>
         <run_address>0x3934</run_address>
         <size>0x16</size>
         <input_file_ref idref="fl-f8"/>
      </object_component>
      <object_component id="oc-dd">
         <name>.text:UART_enableModule</name>
         <load_address>0x394a</load_address>
         <run_address>0x394a</run_address>
         <size>0x16</size>
         <input_file_ref idref="fl-f8"/>
      </object_component>
      <object_component id="oc-137">
         <name>.text:Interrupt_enableMaster</name>
         <load_address>0x3960</load_address>
         <run_address>0x3960</run_address>
         <size>0x10</size>
         <input_file_ref idref="fl-f6"/>
      </object_component>
      <object_component id="oc-1d">
         <name>.text:decompress:none:__TI_decompress_none</name>
         <load_address>0x3970</load_address>
         <run_address>0x3970</run_address>
         <size>0xe</size>
         <input_file_ref idref="fl-d1"/>
      </object_component>
      <object_component id="oc-6a">
         <name>.text</name>
         <load_address>0x397e</load_address>
         <run_address>0x397e</run_address>
         <size>0xe</size>
         <input_file_ref idref="fl-c"/>
      </object_component>
      <object_component id="oc-259">
         <name>.text:CPU_cpsie</name>
         <load_address>0x398c</load_address>
         <run_address>0x398c</run_address>
         <size>0xc</size>
         <input_file_ref idref="fl-f9"/>
      </object_component>
      <object_component id="oc-a6">
         <name>.text:_system_pre_init</name>
         <load_address>0x3998</load_address>
         <run_address>0x3998</run_address>
         <size>0x4</size>
         <input_file_ref idref="fl-df"/>
      </object_component>
      <object_component id="oc-1cd">
         <name>.text:abort:abort</name>
         <load_address>0x399c</load_address>
         <run_address>0x399c</run_address>
         <size>0x4</size>
         <input_file_ref idref="fl-d3"/>
      </object_component>
      <object_component id="oc-287">
         <name>.const:asc2_1608</name>
         <load_address>0x39a0</load_address>
         <run_address>0x39a0</run_address>
         <size>0x5f0</size>
         <input_file_ref idref="fl-5"/>
      </object_component>
      <object_component id="oc-28a">
         <name>.const:asc2_250</name>
         <load_address>0x3f90</load_address>
         <run_address>0x3f90</run_address>
         <size>0x474</size>
         <input_file_ref idref="fl-5"/>
      </object_component>
      <object_component id="oc-290">
         <name>.const:Hzk12</name>
         <load_address>0x4404</load_address>
         <run_address>0x4404</run_address>
         <size>0x2b8</size>
         <input_file_ref idref="fl-5"/>
      </object_component>
      <object_component id="oc-284">
         <name>.const:asc2_0806</name>
         <load_address>0x46bc</load_address>
         <run_address>0x46bc</run_address>
         <size>0x228</size>
         <input_file_ref idref="fl-5"/>
      </object_component>
      <object_component id="oc-28d">
         <name>.const:Hzk</name>
         <load_address>0x48e4</load_address>
         <run_address>0x48e4</run_address>
         <size>0x60</size>
         <input_file_ref idref="fl-5"/>
      </object_component>
      <object_component id="oc-20f">
         <name>.const:GPIO_PORT_TO_BASE</name>
         <load_address>0x4944</load_address>
         <run_address>0x4944</run_address>
         <size>0x30</size>
         <input_file_ref idref="fl-f5"/>
      </object_component>
      <object_component id="oc-107">
         <name>.const:uartconfig</name>
         <load_address>0x4974</load_address>
         <run_address>0x4974</run_address>
         <size>0x28</size>
         <input_file_ref idref="fl-8"/>
      </object_component>
      <object_component id="oc-253">
         <name>.const:GPIO_PORT_TO_INT</name>
         <load_address>0x499c</load_address>
         <run_address>0x499c</run_address>
         <size>0x1c</size>
         <input_file_ref idref="fl-f5"/>
      </object_component>
      <object_component id="oc-296">
         <name>.const:.string:$P$T0$1</name>
         <load_address>0x49b8</load_address>
         <run_address>0x49b8</run_address>
         <size>0x8</size>
         <input_file_ref idref="fl-4"/>
      </object_component>
      <object_component id="oc-299">
         <name>.const:.string:$P$T1$2</name>
         <load_address>0x49c0</load_address>
         <run_address>0x49c0</run_address>
         <size>0x8</size>
         <input_file_ref idref="fl-4"/>
      </object_component>
      <object_component id="oc-228">
         <name>.const:g_pulEnRegs</name>
         <load_address>0x49c8</load_address>
         <run_address>0x49c8</run_address>
         <size>0x8</size>
         <input_file_ref idref="fl-f6"/>
      </object_component>
      <object_component id="oc-37c">
         <name>.cinit..data.load</name>
         <load_address>0x49d0</load_address>
         <run_address>0x49d0</run_address>
         <size>0x17</size>
      </object_component>
      <object_component id="oc-379">
         <name>__TI_handler_table</name>
         <load_address>0x49e8</load_address>
         <run_address>0x49e8</run_address>
         <size>0xc</size>
      </object_component>
      <object_component id="oc-37d">
         <name>.cinit..bss.load</name>
         <load_address>0x49f8</load_address>
         <run_address>0x49f8</run_address>
         <size>0x8</size>
      </object_component>
      <object_component id="oc-37b">
         <name>.cinit..vtable.load</name>
         <load_address>0x4a00</load_address>
         <run_address>0x4a00</run_address>
         <size>0x8</size>
      </object_component>
      <object_component id="oc-37a">
         <name>__TI_cinit_table</name>
         <load_address>0x4a08</load_address>
         <run_address>0x4a08</run_address>
         <size>0x18</size>
      </object_component>
      <object_component id="oc-34d">
         <name>.binit</name>
         <load_address>0x0</load_address>
         <run_address>0x0</run_address>
         <size>0x0</size>
      </object_component>
      <object_component id="oc-2ed">
         <name>.vtable</name>
         <uninitialized>true</uninitialized>
         <run_address>0x20000000</run_address>
         <size>0xe8</size>
         <input_file_ref idref="fl-f6"/>
      </object_component>
      <object_component id="oc-261">
         <name>.data</name>
         <load_address>0x20000520</load_address>
         <run_address>0x20000520</run_address>
         <size>0x18</size>
         <input_file_ref idref="fl-2"/>
      </object_component>
      <object_component id="oc-177">
         <name>.data</name>
         <load_address>0x20000544</load_address>
         <run_address>0x20000544</run_address>
         <size>0x4</size>
         <input_file_ref idref="fl-4"/>
      </object_component>
      <object_component id="oc-158">
         <name>.data</name>
         <load_address>0x20000548</load_address>
         <run_address>0x20000548</run_address>
         <size>0x4</size>
         <input_file_ref idref="fl-9"/>
      </object_component>
      <object_component id="oc-15b">
         <name>.data:clocktime</name>
         <load_address>0x20000538</load_address>
         <run_address>0x20000538</run_address>
         <size>0xc</size>
         <input_file_ref idref="fl-9"/>
      </object_component>
      <object_component id="oc-155">
         <name>.data</name>
         <load_address>0x200004e8</load_address>
         <run_address>0x200004e8</run_address>
         <size>0x35</size>
         <input_file_ref idref="fl-a"/>
      </object_component>
      <object_component id="oc-20b">
         <name>.data</name>
         <load_address>0x2000054c</load_address>
         <run_address>0x2000054c</run_address>
         <size>0x4</size>
         <input_file_ref idref="fl-d"/>
      </object_component>
      <object_component id="oc-29c">
         <name>.common:time_now</name>
         <uninitialized>true</uninitialized>
         <run_address>0x20000588</run_address>
         <size>0xc</size>
      </object_component>
      <object_component id="oc-1c5">
         <name>.common:data_buf12</name>
         <uninitialized>true</uninitialized>
         <run_address>0x2000056c</run_address>
         <size>0x1c</size>
      </object_component>
      <object_component id="oc-17a">
         <name>.common:data_buf</name>
         <uninitialized>true</uninitialized>
         <run_address>0x20000550</run_address>
         <size>0x1c</size>
      </object_component>
      <object_component id="oc-110">
         <name>.common:PeriodicTask32</name>
         <uninitialized>true</uninitialized>
         <run_address>0x20000594</run_address>
         <size>0x4</size>
      </object_component>
      <object_component id="oc-29">
         <name>.sysmem</name>
         <uninitialized>true</uninitialized>
         <run_address>0x200000e8</run_address>
         <size>0x10</size>
         <input_file_ref idref="fl-d6"/>
      </object_component>
      <object_component id="oc-380">
         <name>.sysmem</name>
         <uninitialized>true</uninitialized>
         <run_address>0x200000e8</run_address>
         <size>0x0</size>
      </object_component>
      <object_component id="oc-2c">
         <name>.stack</name>
         <uninitialized>true</uninitialized>
         <run_address>0x2000fe00</run_address>
         <size>0x4</size>
         <input_file_ref idref="fl-d7"/>
      </object_component>
      <object_component id="oc-37f">
         <name>.stack</name>
         <uninitialized>true</uninitialized>
         <run_address>0x2000fe00</run_address>
         <size>0x0</size>
      </object_component>
      <object_component id="oc-283">
         <name>.debug_info</name>
         <load_address>0x0</load_address>
         <run_address>0x0</run_address>
         <size>0x519</size>
         <input_file_ref idref="fl-2"/>
      </object_component>
      <object_component id="oc-262">
         <name>.debug_info</name>
         <load_address>0x519</load_address>
         <run_address>0x519</run_address>
         <size>0x175</size>
         <input_file_ref idref="fl-2"/>
      </object_component>
      <object_component id="oc-145">
         <name>.debug_info</name>
         <load_address>0x68e</load_address>
         <run_address>0x68e</run_address>
         <size>0x299</size>
         <input_file_ref idref="fl-2"/>
      </object_component>
      <object_component id="oc-240">
         <name>.debug_info</name>
         <load_address>0x927</load_address>
         <run_address>0x927</run_address>
         <size>0x37e2</size>
         <input_file_ref idref="fl-2"/>
      </object_component>
      <object_component id="oc-186">
         <name>.debug_info</name>
         <load_address>0x4109</load_address>
         <run_address>0x4109</run_address>
         <size>0x26b</size>
         <input_file_ref idref="fl-2"/>
      </object_component>
      <object_component id="oc-245">
         <name>.debug_info</name>
         <load_address>0x4374</load_address>
         <run_address>0x4374</run_address>
         <size>0x1055</size>
         <input_file_ref idref="fl-2"/>
      </object_component>
      <object_component id="oc-35">
         <name>.debug_info</name>
         <load_address>0x53c9</load_address>
         <run_address>0x53c9</run_address>
         <size>0x84</size>
         <input_file_ref idref="fl-2"/>
      </object_component>
      <object_component id="oc-239">
         <name>.debug_info</name>
         <load_address>0x544d</load_address>
         <run_address>0x544d</run_address>
         <size>0x2a4</size>
         <input_file_ref idref="fl-2"/>
      </object_component>
      <object_component id="oc-27d">
         <name>.debug_info</name>
         <load_address>0x56f1</load_address>
         <run_address>0x56f1</run_address>
         <size>0xef</size>
         <input_file_ref idref="fl-2"/>
      </object_component>
      <object_component id="oc-10b">
         <name>.debug_info</name>
         <load_address>0x57e0</load_address>
         <run_address>0x57e0</run_address>
         <size>0xbb</size>
         <input_file_ref idref="fl-2"/>
      </object_component>
      <object_component id="oc-17b">
         <name>.debug_info</name>
         <load_address>0x589b</load_address>
         <run_address>0x589b</run_address>
         <size>0x67d</size>
         <input_file_ref idref="fl-4"/>
      </object_component>
      <object_component id="oc-178">
         <name>.debug_info</name>
         <load_address>0x5f18</load_address>
         <run_address>0x5f18</run_address>
         <size>0xb7</size>
         <input_file_ref idref="fl-4"/>
      </object_component>
      <object_component id="oc-297">
         <name>.debug_info</name>
         <load_address>0x5fcf</load_address>
         <run_address>0x5fcf</run_address>
         <size>0xc0</size>
         <input_file_ref idref="fl-4"/>
      </object_component>
      <object_component id="oc-29a">
         <name>.debug_info</name>
         <load_address>0x608f</load_address>
         <run_address>0x608f</run_address>
         <size>0xc0</size>
         <input_file_ref idref="fl-4"/>
      </object_component>
      <object_component id="oc-1af">
         <name>.debug_info</name>
         <load_address>0x614f</load_address>
         <run_address>0x614f</run_address>
         <size>0x94f</size>
         <input_file_ref idref="fl-4"/>
      </object_component>
      <object_component id="oc-278">
         <name>.debug_info</name>
         <load_address>0x6a9e</load_address>
         <run_address>0x6a9e</run_address>
         <size>0x37e2</size>
         <input_file_ref idref="fl-4"/>
      </object_component>
      <object_component id="oc-2a3">
         <name>.debug_info</name>
         <load_address>0xa280</load_address>
         <run_address>0xa280</run_address>
         <size>0x102</size>
         <input_file_ref idref="fl-4"/>
      </object_component>
      <object_component id="oc-1c8">
         <name>.debug_info</name>
         <load_address>0xa382</load_address>
         <run_address>0xa382</run_address>
         <size>0xb9</size>
         <input_file_ref idref="fl-4"/>
      </object_component>
      <object_component id="oc-294">
         <name>.debug_info</name>
         <load_address>0xa43b</load_address>
         <run_address>0xa43b</run_address>
         <size>0x5e1</size>
         <input_file_ref idref="fl-5"/>
      </object_component>
      <object_component id="oc-285">
         <name>.debug_info</name>
         <load_address>0xaa1c</load_address>
         <run_address>0xaa1c</run_address>
         <size>0xc3</size>
         <input_file_ref idref="fl-5"/>
      </object_component>
      <object_component id="oc-288">
         <name>.debug_info</name>
         <load_address>0xaadf</load_address>
         <run_address>0xaadf</run_address>
         <size>0xc3</size>
         <input_file_ref idref="fl-5"/>
      </object_component>
      <object_component id="oc-28b">
         <name>.debug_info</name>
         <load_address>0xaba2</load_address>
         <run_address>0xaba2</run_address>
         <size>0xc2</size>
         <input_file_ref idref="fl-5"/>
      </object_component>
      <object_component id="oc-28e">
         <name>.debug_info</name>
         <load_address>0xac64</load_address>
         <run_address>0xac64</run_address>
         <size>0xb8</size>
         <input_file_ref idref="fl-5"/>
      </object_component>
      <object_component id="oc-291">
         <name>.debug_info</name>
         <load_address>0xad1c</load_address>
         <run_address>0xad1c</run_address>
         <size>0xbc</size>
         <input_file_ref idref="fl-5"/>
      </object_component>
      <object_component id="oc-1a8">
         <name>.debug_info</name>
         <load_address>0xadd8</load_address>
         <run_address>0xadd8</run_address>
         <size>0xff4</size>
         <input_file_ref idref="fl-5"/>
      </object_component>
      <object_component id="oc-111">
         <name>.debug_info</name>
         <load_address>0xbdcc</load_address>
         <run_address>0xbdcc</run_address>
         <size>0x550</size>
         <input_file_ref idref="fl-6"/>
      </object_component>
      <object_component id="oc-7a">
         <name>.debug_info</name>
         <load_address>0xc31c</load_address>
         <run_address>0xc31c</run_address>
         <size>0x1cf</size>
         <input_file_ref idref="fl-6"/>
      </object_component>
      <object_component id="oc-114">
         <name>.debug_info</name>
         <load_address>0xc4eb</load_address>
         <run_address>0xc4eb</run_address>
         <size>0x48</size>
         <input_file_ref idref="fl-6"/>
      </object_component>
      <object_component id="oc-238">
         <name>.debug_info</name>
         <load_address>0xc533</load_address>
         <run_address>0xc533</run_address>
         <size>0x821</size>
         <input_file_ref idref="fl-8"/>
      </object_component>
      <object_component id="oc-108">
         <name>.debug_info</name>
         <load_address>0xcd54</load_address>
         <run_address>0xcd54</run_address>
         <size>0xc5</size>
         <input_file_ref idref="fl-8"/>
      </object_component>
      <object_component id="oc-74">
         <name>.debug_info</name>
         <load_address>0xce19</load_address>
         <run_address>0xce19</run_address>
         <size>0x2bc</size>
         <input_file_ref idref="fl-8"/>
      </object_component>
      <object_component id="oc-220">
         <name>.debug_info</name>
         <load_address>0xd0d5</load_address>
         <run_address>0xd0d5</run_address>
         <size>0x8b</size>
         <input_file_ref idref="fl-8"/>
      </object_component>
      <object_component id="oc-26e">
         <name>.debug_info</name>
         <load_address>0xd160</load_address>
         <run_address>0xd160</run_address>
         <size>0x826</size>
         <input_file_ref idref="fl-9"/>
      </object_component>
      <object_component id="oc-159">
         <name>.debug_info</name>
         <load_address>0xd986</load_address>
         <run_address>0xd986</run_address>
         <size>0xcc</size>
         <input_file_ref idref="fl-9"/>
      </object_component>
      <object_component id="oc-15c">
         <name>.debug_info</name>
         <load_address>0xda52</load_address>
         <run_address>0xda52</run_address>
         <size>0xc9</size>
         <input_file_ref idref="fl-9"/>
      </object_component>
      <object_component id="oc-1c0">
         <name>.debug_info</name>
         <load_address>0xdb1b</load_address>
         <run_address>0xdb1b</run_address>
         <size>0x125f</size>
         <input_file_ref idref="fl-9"/>
      </object_component>
      <object_component id="oc-269">
         <name>.debug_info</name>
         <load_address>0xed7a</load_address>
         <run_address>0xed7a</run_address>
         <size>0x92c</size>
         <input_file_ref idref="fl-a"/>
      </object_component>
      <object_component id="oc-156">
         <name>.debug_info</name>
         <load_address>0xf6a6</load_address>
         <run_address>0xf6a6</run_address>
         <size>0x244</size>
         <input_file_ref idref="fl-a"/>
      </object_component>
      <object_component id="oc-7d">
         <name>.debug_info</name>
         <load_address>0xf8ea</load_address>
         <run_address>0xf8ea</run_address>
         <size>0xc82</size>
         <input_file_ref idref="fl-a"/>
      </object_component>
      <object_component id="oc-1c7">
         <name>.debug_info</name>
         <load_address>0x1056c</load_address>
         <run_address>0x1056c</run_address>
         <size>0x874</size>
         <input_file_ref idref="fl-b"/>
      </object_component>
      <object_component id="oc-af">
         <name>.debug_info</name>
         <load_address>0x10de0</load_address>
         <run_address>0x10de0</run_address>
         <size>0x29b</size>
         <input_file_ref idref="fl-b"/>
      </object_component>
      <object_component id="oc-84">
         <name>.debug_info</name>
         <load_address>0x1107b</load_address>
         <run_address>0x1107b</run_address>
         <size>0x2b8</size>
         <input_file_ref idref="fl-c"/>
      </object_component>
      <object_component id="oc-27">
         <name>.debug_info</name>
         <load_address>0x11333</load_address>
         <run_address>0x11333</run_address>
         <size>0xe4</size>
         <input_file_ref idref="fl-c"/>
      </object_component>
      <object_component id="oc-6c">
         <name>.debug_info</name>
         <load_address>0x11417</load_address>
         <run_address>0x11417</run_address>
         <size>0x1ab</size>
         <input_file_ref idref="fl-c"/>
      </object_component>
      <object_component id="oc-20c">
         <name>.debug_info</name>
         <load_address>0x115c2</load_address>
         <run_address>0x115c2</run_address>
         <size>0xdd</size>
         <input_file_ref idref="fl-d"/>
      </object_component>
      <object_component id="oc-c2">
         <name>.debug_info</name>
         <load_address>0x1169f</load_address>
         <run_address>0x1169f</run_address>
         <size>0x24f</size>
         <input_file_ref idref="fl-d"/>
      </object_component>
      <object_component id="oc-18d">
         <name>.debug_info</name>
         <load_address>0x118ee</load_address>
         <run_address>0x118ee</run_address>
         <size>0x2c</size>
         <input_file_ref idref="fl-c8"/>
      </object_component>
      <object_component id="oc-16f">
         <name>.debug_info</name>
         <load_address>0x1191a</load_address>
         <run_address>0x1191a</run_address>
         <size>0x14c</size>
         <input_file_ref idref="fl-ca"/>
      </object_component>
      <object_component id="oc-16a">
         <name>.debug_info</name>
         <load_address>0x11a66</load_address>
         <run_address>0x11a66</run_address>
         <size>0x12a</size>
         <input_file_ref idref="fl-cb"/>
      </object_component>
      <object_component id="oc-164">
         <name>.debug_info</name>
         <load_address>0x11b90</load_address>
         <run_address>0x11b90</run_address>
         <size>0x13a</size>
         <input_file_ref idref="fl-cc"/>
      </object_component>
      <object_component id="oc-173">
         <name>.debug_info</name>
         <load_address>0x11cca</load_address>
         <run_address>0x11cca</run_address>
         <size>0x12e</size>
         <input_file_ref idref="fl-cd"/>
      </object_component>
      <object_component id="oc-161">
         <name>.debug_info</name>
         <load_address>0x11df8</load_address>
         <run_address>0x11df8</run_address>
         <size>0x12c</size>
         <input_file_ref idref="fl-ce"/>
      </object_component>
      <object_component id="oc-9f">
         <name>.debug_info</name>
         <load_address>0x11f24</load_address>
         <run_address>0x11f24</run_address>
         <size>0x2d4</size>
         <input_file_ref idref="fl-d0"/>
      </object_component>
      <object_component id="oc-47">
         <name>.debug_info</name>
         <load_address>0x121f8</load_address>
         <run_address>0x121f8</run_address>
         <size>0x1d2</size>
         <input_file_ref idref="fl-d0"/>
      </object_component>
      <object_component id="oc-9a">
         <name>.debug_info</name>
         <load_address>0x123ca</load_address>
         <run_address>0x123ca</run_address>
         <size>0x46</size>
         <input_file_ref idref="fl-d0"/>
      </object_component>
      <object_component id="oc-19e">
         <name>.debug_info</name>
         <load_address>0x12410</load_address>
         <run_address>0x12410</run_address>
         <size>0x2c</size>
         <input_file_ref idref="fl-d0"/>
      </object_component>
      <object_component id="oc-45">
         <name>.debug_info</name>
         <load_address>0x1243c</load_address>
         <run_address>0x1243c</run_address>
         <size>0x2a8</size>
         <input_file_ref idref="fl-d1"/>
      </object_component>
      <object_component id="oc-21">
         <name>.debug_info</name>
         <load_address>0x126e4</load_address>
         <run_address>0x126e4</run_address>
         <size>0x1ea</size>
         <input_file_ref idref="fl-d1"/>
      </object_component>
      <object_component id="oc-40">
         <name>.debug_info</name>
         <load_address>0x128ce</load_address>
         <run_address>0x128ce</run_address>
         <size>0x46</size>
         <input_file_ref idref="fl-d1"/>
      </object_component>
      <object_component id="oc-92">
         <name>.debug_info</name>
         <load_address>0x12914</load_address>
         <run_address>0x12914</run_address>
         <size>0x2c</size>
         <input_file_ref idref="fl-d1"/>
      </object_component>
      <object_component id="oc-90">
         <name>.debug_info</name>
         <load_address>0x12940</load_address>
         <run_address>0x12940</run_address>
         <size>0x29e</size>
         <input_file_ref idref="fl-d2"/>
      </object_component>
      <object_component id="oc-19">
         <name>.debug_info</name>
         <load_address>0x12bde</load_address>
         <run_address>0x12bde</run_address>
         <size>0x250</size>
         <input_file_ref idref="fl-d2"/>
      </object_component>
      <object_component id="oc-30">
         <name>.debug_info</name>
         <load_address>0x12e2e</load_address>
         <run_address>0x12e2e</run_address>
         <size>0x60</size>
         <input_file_ref idref="fl-d2"/>
      </object_component>
      <object_component id="oc-197">
         <name>.debug_info</name>
         <load_address>0x12e8e</load_address>
         <run_address>0x12e8e</run_address>
         <size>0x46</size>
         <input_file_ref idref="fl-d2"/>
      </object_component>
      <object_component id="oc-8b">
         <name>.debug_info</name>
         <load_address>0x12ed4</load_address>
         <run_address>0x12ed4</run_address>
         <size>0x39</size>
         <input_file_ref idref="fl-d2"/>
      </object_component>
      <object_component id="oc-1ce">
         <name>.debug_info</name>
         <load_address>0x12f0d</load_address>
         <run_address>0x12f0d</run_address>
         <size>0x122</size>
         <input_file_ref idref="fl-d3"/>
      </object_component>
      <object_component id="oc-87">
         <name>.debug_info</name>
         <load_address>0x1302f</load_address>
         <run_address>0x1302f</run_address>
         <size>0x3b2</size>
         <input_file_ref idref="fl-d6"/>
      </object_component>
      <object_component id="oc-2a">
         <name>.debug_info</name>
         <load_address>0x133e1</load_address>
         <run_address>0x133e1</run_address>
         <size>0x10c</size>
         <input_file_ref idref="fl-d6"/>
      </object_component>
      <object_component id="oc-192">
         <name>.debug_info</name>
         <load_address>0x134ed</load_address>
         <run_address>0x134ed</run_address>
         <size>0xb2</size>
         <input_file_ref idref="fl-d6"/>
      </object_component>
      <object_component id="oc-2d">
         <name>.debug_info</name>
         <load_address>0x1359f</load_address>
         <run_address>0x1359f</run_address>
         <size>0x10b</size>
         <input_file_ref idref="fl-d7"/>
      </object_component>
      <object_component id="oc-5a">
         <name>.debug_info</name>
         <load_address>0x136aa</load_address>
         <run_address>0x136aa</run_address>
         <size>0x1a9</size>
         <input_file_ref idref="fl-d7"/>
      </object_component>
      <object_component id="oc-3d">
         <name>.debug_info</name>
         <load_address>0x13853</load_address>
         <run_address>0x13853</run_address>
         <size>0x119</size>
         <input_file_ref idref="fl-dd"/>
      </object_component>
      <object_component id="oc-2b3">
         <name>.debug_info</name>
         <load_address>0x1396c</load_address>
         <run_address>0x1396c</run_address>
         <size>0x4b3</size>
         <input_file_ref idref="fl-de"/>
      </object_component>
      <object_component id="oc-1da">
         <name>.debug_info</name>
         <load_address>0x13e1f</load_address>
         <run_address>0x13e1f</run_address>
         <size>0x1a6</size>
         <input_file_ref idref="fl-de"/>
      </object_component>
      <object_component id="oc-31e">
         <name>.debug_info</name>
         <load_address>0x13fc5</load_address>
         <run_address>0x13fc5</run_address>
         <size>0x39</size>
         <input_file_ref idref="fl-de"/>
      </object_component>
      <object_component id="oc-337">
         <name>.debug_info</name>
         <load_address>0x13ffe</load_address>
         <run_address>0x13ffe</run_address>
         <size>0x39</size>
         <input_file_ref idref="fl-de"/>
      </object_component>
      <object_component id="oc-323">
         <name>.debug_info</name>
         <load_address>0x14037</load_address>
         <run_address>0x14037</run_address>
         <size>0x39</size>
         <input_file_ref idref="fl-de"/>
      </object_component>
      <object_component id="oc-328">
         <name>.debug_info</name>
         <load_address>0x14070</load_address>
         <run_address>0x14070</run_address>
         <size>0xcd</size>
         <input_file_ref idref="fl-de"/>
      </object_component>
      <object_component id="oc-a8">
         <name>.debug_info</name>
         <load_address>0x1413d</load_address>
         <run_address>0x1413d</run_address>
         <size>0x153</size>
         <input_file_ref idref="fl-df"/>
      </object_component>
      <object_component id="oc-32f">
         <name>.debug_info</name>
         <load_address>0x14290</load_address>
         <run_address>0x14290</run_address>
         <size>0x807</size>
         <input_file_ref idref="fl-f4"/>
      </object_component>
      <object_component id="oc-d2">
         <name>.debug_info</name>
         <load_address>0x14a97</load_address>
         <run_address>0x14a97</run_address>
         <size>0x1e5</size>
         <input_file_ref idref="fl-f4"/>
      </object_component>
      <object_component id="oc-2d3">
         <name>.debug_info</name>
         <load_address>0x14c7c</load_address>
         <run_address>0x14c7c</run_address>
         <size>0x431a</size>
         <input_file_ref idref="fl-f4"/>
      </object_component>
      <object_component id="oc-345">
         <name>.debug_info</name>
         <load_address>0x18f96</load_address>
         <run_address>0x18f96</run_address>
         <size>0x1b5</size>
         <input_file_ref idref="fl-f4"/>
      </object_component>
      <object_component id="oc-2dd">
         <name>.debug_info</name>
         <load_address>0x1914b</load_address>
         <run_address>0x1914b</run_address>
         <size>0x26b</size>
         <input_file_ref idref="fl-f4"/>
      </object_component>
      <object_component id="oc-2d8">
         <name>.debug_info</name>
         <load_address>0x193b6</load_address>
         <run_address>0x193b6</run_address>
         <size>0x1028</size>
         <input_file_ref idref="fl-f4"/>
      </object_component>
      <object_component id="oc-2cc">
         <name>.debug_info</name>
         <load_address>0x1a3de</load_address>
         <run_address>0x1a3de</run_address>
         <size>0x297</size>
         <input_file_ref idref="fl-f4"/>
      </object_component>
      <object_component id="oc-213">
         <name>.debug_info</name>
         <load_address>0x1a675</load_address>
         <run_address>0x1a675</run_address>
         <size>0xef</size>
         <input_file_ref idref="fl-f4"/>
      </object_component>
      <object_component id="oc-218">
         <name>.debug_info</name>
         <load_address>0x1a764</load_address>
         <run_address>0x1a764</run_address>
         <size>0xbb</size>
         <input_file_ref idref="fl-f4"/>
      </object_component>
      <object_component id="oc-257">
         <name>.debug_info</name>
         <load_address>0x1a81f</load_address>
         <run_address>0x1a81f</run_address>
         <size>0x701</size>
         <input_file_ref idref="fl-f5"/>
      </object_component>
      <object_component id="oc-254">
         <name>.debug_info</name>
         <load_address>0x1af20</load_address>
         <run_address>0x1af20</run_address>
         <size>0x133</size>
         <input_file_ref idref="fl-f5"/>
      </object_component>
      <object_component id="oc-210">
         <name>.debug_info</name>
         <load_address>0x1b053</load_address>
         <run_address>0x1b053</run_address>
         <size>0x135</size>
         <input_file_ref idref="fl-f5"/>
      </object_component>
      <object_component id="oc-c7">
         <name>.debug_info</name>
         <load_address>0x1b188</load_address>
         <run_address>0x1b188</run_address>
         <size>0x252</size>
         <input_file_ref idref="fl-f5"/>
      </object_component>
      <object_component id="oc-cd">
         <name>.debug_info</name>
         <load_address>0x1b3da</load_address>
         <run_address>0x1b3da</run_address>
         <size>0x2a5</size>
         <input_file_ref idref="fl-f5"/>
      </object_component>
      <object_component id="oc-1b5">
         <name>.debug_info</name>
         <load_address>0x1b67f</load_address>
         <run_address>0x1b67f</run_address>
         <size>0x25a</size>
         <input_file_ref idref="fl-f5"/>
      </object_component>
      <object_component id="oc-1ba">
         <name>.debug_info</name>
         <load_address>0x1b8d9</load_address>
         <run_address>0x1b8d9</run_address>
         <size>0x258</size>
         <input_file_ref idref="fl-f5"/>
      </object_component>
      <object_component id="oc-150">
         <name>.debug_info</name>
         <load_address>0x1bb31</load_address>
         <run_address>0x1bb31</run_address>
         <size>0x258</size>
         <input_file_ref idref="fl-f5"/>
      </object_component>
      <object_component id="oc-11a">
         <name>.debug_info</name>
         <load_address>0x1bd89</load_address>
         <run_address>0x1bd89</run_address>
         <size>0x274</size>
         <input_file_ref idref="fl-f5"/>
      </object_component>
      <object_component id="oc-14b">
         <name>.debug_info</name>
         <load_address>0x1bffd</load_address>
         <run_address>0x1bffd</run_address>
         <size>0x27e</size>
         <input_file_ref idref="fl-f5"/>
      </object_component>
      <object_component id="oc-133">
         <name>.debug_info</name>
         <load_address>0x1c27b</load_address>
         <run_address>0x1c27b</run_address>
         <size>0x254</size>
         <input_file_ref idref="fl-f5"/>
      </object_component>
      <object_component id="oc-17f">
         <name>.debug_info</name>
         <load_address>0x1c4cf</load_address>
         <run_address>0x1c4cf</run_address>
         <size>0x25e</size>
         <input_file_ref idref="fl-f5"/>
      </object_component>
      <object_component id="oc-127">
         <name>.debug_info</name>
         <load_address>0x1c72d</load_address>
         <run_address>0x1c72d</run_address>
         <size>0x25a</size>
         <input_file_ref idref="fl-f5"/>
      </object_component>
      <object_component id="oc-121">
         <name>.debug_info</name>
         <load_address>0x1c987</load_address>
         <run_address>0x1c987</run_address>
         <size>0x298</size>
         <input_file_ref idref="fl-f5"/>
      </object_component>
      <object_component id="oc-13f">
         <name>.debug_info</name>
         <load_address>0x1cc1f</load_address>
         <run_address>0x1cc1f</run_address>
         <size>0x264</size>
         <input_file_ref idref="fl-f5"/>
      </object_component>
      <object_component id="oc-12c">
         <name>.debug_info</name>
         <load_address>0x1ce83</load_address>
         <run_address>0x1ce83</run_address>
         <size>0x28f</size>
         <input_file_ref idref="fl-f5"/>
      </object_component>
      <object_component id="oc-2e9">
         <name>.debug_info</name>
         <load_address>0x1d112</load_address>
         <run_address>0x1d112</run_address>
         <size>0x68f</size>
         <input_file_ref idref="fl-f6"/>
      </object_component>
      <object_component id="oc-229">
         <name>.debug_info</name>
         <load_address>0x1d7a1</load_address>
         <run_address>0x1d7a1</run_address>
         <size>0x12e</size>
         <input_file_ref idref="fl-f6"/>
      </object_component>
      <object_component id="oc-2ee">
         <name>.debug_info</name>
         <load_address>0x1d8cf</load_address>
         <run_address>0x1d8cf</run_address>
         <size>0x137</size>
         <input_file_ref idref="fl-f6"/>
      </object_component>
      <object_component id="oc-138">
         <name>.debug_info</name>
         <load_address>0x1da06</load_address>
         <run_address>0x1da06</run_address>
         <size>0x1d5</size>
         <input_file_ref idref="fl-f6"/>
      </object_component>
      <object_component id="oc-24e">
         <name>.debug_info</name>
         <load_address>0x1dbdb</load_address>
         <run_address>0x1dbdb</run_address>
         <size>0x281</size>
         <input_file_ref idref="fl-f6"/>
      </object_component>
      <object_component id="oc-ea">
         <name>.debug_info</name>
         <load_address>0x1de5c</load_address>
         <run_address>0x1de5c</run_address>
         <size>0x219</size>
         <input_file_ref idref="fl-f6"/>
      </object_component>
      <object_component id="oc-225">
         <name>.debug_info</name>
         <load_address>0x1e075</load_address>
         <run_address>0x1e075</run_address>
         <size>0x6eb</size>
         <input_file_ref idref="fl-f8"/>
      </object_component>
      <object_component id="oc-d8">
         <name>.debug_info</name>
         <load_address>0x1e760</load_address>
         <run_address>0x1e760</run_address>
         <size>0x234</size>
         <input_file_ref idref="fl-f8"/>
      </object_component>
      <object_component id="oc-fc">
         <name>.debug_info</name>
         <load_address>0x1e994</load_address>
         <run_address>0x1e994</run_address>
         <size>0x236</size>
         <input_file_ref idref="fl-f8"/>
      </object_component>
      <object_component id="oc-f6">
         <name>.debug_info</name>
         <load_address>0x1ebca</load_address>
         <run_address>0x1ebca</run_address>
         <size>0x1f5</size>
         <input_file_ref idref="fl-f8"/>
      </object_component>
      <object_component id="oc-de">
         <name>.debug_info</name>
         <load_address>0x1edbf</load_address>
         <run_address>0x1edbf</run_address>
         <size>0x1f3</size>
         <input_file_ref idref="fl-f8"/>
      </object_component>
      <object_component id="oc-e4">
         <name>.debug_info</name>
         <load_address>0x1efb2</load_address>
         <run_address>0x1efb2</run_address>
         <size>0x235</size>
         <input_file_ref idref="fl-f8"/>
      </object_component>
      <object_component id="oc-22d">
         <name>.debug_info</name>
         <load_address>0x1f1e7</load_address>
         <run_address>0x1f1e7</run_address>
         <size>0x229</size>
         <input_file_ref idref="fl-f8"/>
      </object_component>
      <object_component id="oc-f0">
         <name>.debug_info</name>
         <load_address>0x1f410</load_address>
         <run_address>0x1f410</run_address>
         <size>0x26c</size>
         <input_file_ref idref="fl-f8"/>
      </object_component>
      <object_component id="oc-102">
         <name>.debug_info</name>
         <load_address>0x1f67c</load_address>
         <run_address>0x1f67c</run_address>
         <size>0x225</size>
         <input_file_ref idref="fl-f8"/>
      </object_component>
      <object_component id="oc-2e2">
         <name>.debug_info</name>
         <load_address>0x1f8a1</load_address>
         <run_address>0x1f8a1</run_address>
         <size>0x102</size>
         <input_file_ref idref="fl-f8"/>
      </object_component>
      <object_component id="oc-25c">
         <name>.debug_info</name>
         <load_address>0x1f9a3</load_address>
         <run_address>0x1f9a3</run_address>
         <size>0x19a</size>
         <input_file_ref idref="fl-f9"/>
      </object_component>
      <object_component id="oc-381">
         <name>.debug_info</name>
         <load_address>0x1fb3d</load_address>
         <run_address>0x1fb3d</run_address>
         <size>0x90</size>
      </object_component>
      <object_component id="oc-2fd">
         <name>.debug_line</name>
         <load_address>0x0</load_address>
         <run_address>0x0</run_address>
         <size>0x20</size>
         <input_file_ref idref="fl-2"/>
      </object_component>
      <object_component id="oc-2f7">
         <name>.debug_line</name>
         <load_address>0x20</load_address>
         <run_address>0x20</run_address>
         <size>0x2e</size>
         <input_file_ref idref="fl-2"/>
      </object_component>
      <object_component id="oc-147">
         <name>.debug_line</name>
         <load_address>0x4e</load_address>
         <run_address>0x4e</run_address>
         <size>0xfb</size>
         <input_file_ref idref="fl-2"/>
      </object_component>
      <object_component id="oc-243">
         <name>.debug_line</name>
         <load_address>0x149</load_address>
         <run_address>0x149</run_address>
         <size>0x58</size>
         <input_file_ref idref="fl-2"/>
      </object_component>
      <object_component id="oc-189">
         <name>.debug_line</name>
         <load_address>0x1a1</load_address>
         <run_address>0x1a1</run_address>
         <size>0x6f</size>
         <input_file_ref idref="fl-2"/>
      </object_component>
      <object_component id="oc-248">
         <name>.debug_line</name>
         <load_address>0x210</load_address>
         <run_address>0x210</run_address>
         <size>0x5b</size>
         <input_file_ref idref="fl-2"/>
      </object_component>
      <object_component id="oc-38">
         <name>.debug_line</name>
         <load_address>0x26b</load_address>
         <run_address>0x26b</run_address>
         <size>0x20</size>
         <input_file_ref idref="fl-2"/>
      </object_component>
      <object_component id="oc-23c">
         <name>.debug_line</name>
         <load_address>0x28b</load_address>
         <run_address>0x28b</run_address>
         <size>0x73</size>
         <input_file_ref idref="fl-2"/>
      </object_component>
      <object_component id="oc-280">
         <name>.debug_line</name>
         <load_address>0x2fe</load_address>
         <run_address>0x2fe</run_address>
         <size>0x6f</size>
         <input_file_ref idref="fl-2"/>
      </object_component>
      <object_component id="oc-10e">
         <name>.debug_line</name>
         <load_address>0x36d</load_address>
         <run_address>0x36d</run_address>
         <size>0x70</size>
         <input_file_ref idref="fl-2"/>
      </object_component>
      <object_component id="oc-277">
         <name>.debug_line</name>
         <load_address>0x3dd</load_address>
         <run_address>0x3dd</run_address>
         <size>0xa4</size>
         <input_file_ref idref="fl-4"/>
      </object_component>
      <object_component id="oc-275">
         <name>.debug_line</name>
         <load_address>0x481</load_address>
         <run_address>0x481</run_address>
         <size>0x2f</size>
         <input_file_ref idref="fl-4"/>
      </object_component>
      <object_component id="oc-30b">
         <name>.debug_line</name>
         <load_address>0x4b0</load_address>
         <run_address>0x4b0</run_address>
         <size>0x2f</size>
         <input_file_ref idref="fl-4"/>
      </object_component>
      <object_component id="oc-30d">
         <name>.debug_line</name>
         <load_address>0x4df</load_address>
         <run_address>0x4df</run_address>
         <size>0x2f</size>
         <input_file_ref idref="fl-4"/>
      </object_component>
      <object_component id="oc-1ae">
         <name>.debug_line</name>
         <load_address>0x50e</load_address>
         <run_address>0x50e</run_address>
         <size>0x298</size>
         <input_file_ref idref="fl-4"/>
      </object_component>
      <object_component id="oc-27b">
         <name>.debug_line</name>
         <load_address>0x7a6</load_address>
         <run_address>0x7a6</run_address>
         <size>0x58</size>
         <input_file_ref idref="fl-4"/>
      </object_component>
      <object_component id="oc-2a6">
         <name>.debug_line</name>
         <load_address>0x7fe</load_address>
         <run_address>0x7fe</run_address>
         <size>0x7a</size>
         <input_file_ref idref="fl-4"/>
      </object_component>
      <object_component id="oc-1cb">
         <name>.debug_line</name>
         <load_address>0x878</load_address>
         <run_address>0x878</run_address>
         <size>0x2f</size>
         <input_file_ref idref="fl-4"/>
      </object_component>
      <object_component id="oc-309">
         <name>.debug_line</name>
         <load_address>0x8a7</load_address>
         <run_address>0x8a7</run_address>
         <size>0x2d</size>
         <input_file_ref idref="fl-5"/>
      </object_component>
      <object_component id="oc-2ff">
         <name>.debug_line</name>
         <load_address>0x8d4</load_address>
         <run_address>0x8d4</run_address>
         <size>0x2d</size>
         <input_file_ref idref="fl-5"/>
      </object_component>
      <object_component id="oc-301">
         <name>.debug_line</name>
         <load_address>0x901</load_address>
         <run_address>0x901</run_address>
         <size>0x2d</size>
         <input_file_ref idref="fl-5"/>
      </object_component>
      <object_component id="oc-303">
         <name>.debug_line</name>
         <load_address>0x92e</load_address>
         <run_address>0x92e</run_address>
         <size>0x2d</size>
         <input_file_ref idref="fl-5"/>
      </object_component>
      <object_component id="oc-305">
         <name>.debug_line</name>
         <load_address>0x95b</load_address>
         <run_address>0x95b</run_address>
         <size>0x2d</size>
         <input_file_ref idref="fl-5"/>
      </object_component>
      <object_component id="oc-307">
         <name>.debug_line</name>
         <load_address>0x988</load_address>
         <run_address>0x988</run_address>
         <size>0x2d</size>
         <input_file_ref idref="fl-5"/>
      </object_component>
      <object_component id="oc-1ac">
         <name>.debug_line</name>
         <load_address>0x9b5</load_address>
         <run_address>0x9b5</run_address>
         <size>0x35c</size>
         <input_file_ref idref="fl-5"/>
      </object_component>
      <object_component id="oc-23f">
         <name>.debug_line</name>
         <load_address>0xd11</load_address>
         <run_address>0xd11</run_address>
         <size>0x30</size>
         <input_file_ref idref="fl-6"/>
      </object_component>
      <object_component id="oc-79">
         <name>.debug_line</name>
         <load_address>0xd41</load_address>
         <run_address>0xd41</run_address>
         <size>0x68</size>
         <input_file_ref idref="fl-6"/>
      </object_component>
      <object_component id="oc-117">
         <name>.debug_line</name>
         <load_address>0xda9</load_address>
         <run_address>0xda9</run_address>
         <size>0x37</size>
         <input_file_ref idref="fl-6"/>
      </object_component>
      <object_component id="oc-2ec">
         <name>.debug_line</name>
         <load_address>0xde0</load_address>
         <run_address>0xde0</run_address>
         <size>0x18b</size>
         <input_file_ref idref="fl-8"/>
      </object_component>
      <object_component id="oc-237">
         <name>.debug_line</name>
         <load_address>0xf6b</load_address>
         <run_address>0xf6b</run_address>
         <size>0x2d</size>
         <input_file_ref idref="fl-8"/>
      </object_component>
      <object_component id="oc-73">
         <name>.debug_line</name>
         <load_address>0xf98</load_address>
         <run_address>0xf98</run_address>
         <size>0x6c</size>
         <input_file_ref idref="fl-8"/>
      </object_component>
      <object_component id="oc-223">
         <name>.debug_line</name>
         <load_address>0x1004</load_address>
         <run_address>0x1004</run_address>
         <size>0x20</size>
         <input_file_ref idref="fl-8"/>
      </object_component>
      <object_component id="oc-2fb">
         <name>.debug_line</name>
         <load_address>0x1024</load_address>
         <run_address>0x1024</run_address>
         <size>0x56</size>
         <input_file_ref idref="fl-9"/>
      </object_component>
      <object_component id="oc-26b">
         <name>.debug_line</name>
         <load_address>0x107a</load_address>
         <run_address>0x107a</run_address>
         <size>0x32</size>
         <input_file_ref idref="fl-9"/>
      </object_component>
      <object_component id="oc-26d">
         <name>.debug_line</name>
         <load_address>0x10ac</load_address>
         <run_address>0x10ac</run_address>
         <size>0x32</size>
         <input_file_ref idref="fl-9"/>
      </object_component>
      <object_component id="oc-1c3">
         <name>.debug_line</name>
         <load_address>0x10de</load_address>
         <run_address>0x10de</run_address>
         <size>0x238</size>
         <input_file_ref idref="fl-9"/>
      </object_component>
      <object_component id="oc-2f9">
         <name>.debug_line</name>
         <load_address>0x1316</load_address>
         <run_address>0x1316</run_address>
         <size>0x162</size>
         <input_file_ref idref="fl-a"/>
      </object_component>
      <object_component id="oc-268">
         <name>.debug_line</name>
         <load_address>0x1478</load_address>
         <run_address>0x1478</run_address>
         <size>0x2c</size>
         <input_file_ref idref="fl-a"/>
      </object_component>
      <object_component id="oc-81">
         <name>.debug_line</name>
         <load_address>0x14a4</load_address>
         <run_address>0x14a4</run_address>
         <size>0x254</size>
         <input_file_ref idref="fl-a"/>
      </object_component>
      <object_component id="oc-2a2">
         <name>.debug_line</name>
         <load_address>0x16f8</load_address>
         <run_address>0x16f8</run_address>
         <size>0xdf</size>
         <input_file_ref idref="fl-b"/>
      </object_component>
      <object_component id="oc-ae">
         <name>.debug_line</name>
         <load_address>0x17d7</load_address>
         <run_address>0x17d7</run_address>
         <size>0x8e</size>
         <input_file_ref idref="fl-b"/>
      </object_component>
      <object_component id="oc-185">
         <name>.debug_line</name>
         <load_address>0x1865</load_address>
         <run_address>0x1865</run_address>
         <size>0x40</size>
         <input_file_ref idref="fl-c"/>
      </object_component>
      <object_component id="oc-83">
         <name>.debug_line</name>
         <load_address>0x18a5</load_address>
         <run_address>0x18a5</run_address>
         <size>0x40</size>
         <input_file_ref idref="fl-c"/>
      </object_component>
      <object_component id="oc-6b">
         <name>.debug_line</name>
         <load_address>0x18e5</load_address>
         <run_address>0x18e5</run_address>
         <size>0x71</size>
         <input_file_ref idref="fl-c"/>
      </object_component>
      <object_component id="oc-2c9">
         <name>.debug_line</name>
         <load_address>0x1956</load_address>
         <run_address>0x1956</run_address>
         <size>0x3b</size>
         <input_file_ref idref="fl-d"/>
      </object_component>
      <object_component id="oc-c0">
         <name>.debug_line</name>
         <load_address>0x1991</load_address>
         <run_address>0x1991</run_address>
         <size>0x134</size>
         <input_file_ref idref="fl-d"/>
      </object_component>
      <object_component id="oc-190">
         <name>.debug_line</name>
         <load_address>0x1ac5</load_address>
         <run_address>0x1ac5</run_address>
         <size>0x92</size>
         <input_file_ref idref="fl-c8"/>
      </object_component>
      <object_component id="oc-16e">
         <name>.debug_line</name>
         <load_address>0x1b57</load_address>
         <run_address>0x1b57</run_address>
         <size>0xd2</size>
         <input_file_ref idref="fl-ca"/>
      </object_component>
      <object_component id="oc-16c">
         <name>.debug_line</name>
         <load_address>0x1c29</load_address>
         <run_address>0x1c29</run_address>
         <size>0x77</size>
         <input_file_ref idref="fl-cb"/>
      </object_component>
      <object_component id="oc-167">
         <name>.debug_line</name>
         <load_address>0x1ca0</load_address>
         <run_address>0x1ca0</run_address>
         <size>0x8e</size>
         <input_file_ref idref="fl-cc"/>
      </object_component>
      <object_component id="oc-176">
         <name>.debug_line</name>
         <load_address>0x1d2e</load_address>
         <run_address>0x1d2e</run_address>
[...]
      </symbol>
      <symbol id="sm-1ac">
         <name>OLED_Display_On</name>
         <value>0x1f5d</value>
         <object_component_ref idref="oc-1a7"/>
      </symbol>
      <symbol id="sm-1ad">
         <name>OLED_Set_Pos</name>
         <value>0x1f21</value>
         <object_component_ref idref="oc-1a7"/>
      </symbol>
      <symbol id="sm-1c8">
         <name>PeriodicTask32</name>
         <value>0x20000594</value>
      </symbol>
      <symbol id="sm-1c9">
         <name>Timer32_Init</name>
         <value>0x332d</value>
         <object_component_ref idref="oc-76"/>
      </symbol>
      <symbol id="sm-1ca">
         <name>T32_INT1_IRQHandler</name>
         <value>0x3375</value>
         <object_component_ref idref="oc-76"/>
      </symbol>
      <symbol id="sm-1e8">
         <name>uartconfig</name>
         <value>0x4974</value>
         <object_component_ref idref="oc-107"/>
      </symbol>
      <symbol id="sm-1e9">
         <name>uart0_init</name>
         <value>0x339d</value>
         <object_component_ref idref="oc-70"/>
      </symbol>
      <symbol id="sm-1ea">
         <name>EUSCIA0_IRQHandler</name>
         <value>0x33d7</value>
         <object_component_ref idref="oc-70"/>
      </symbol>
      <symbol id="sm-28f">
         <name>Menu</name>
         <value>0x521</value>
         <object_component_ref idref="oc-1bf"/>
      </symbol>
      <symbol id="sm-290">
         <name>Worldtime</name>
         <value>0x955</value>
         <object_component_ref idref="oc-1bf"/>
      </symbol>
      <symbol id="sm-291">
         <name>second_zong</name>
         <value>0x20000548</value>
         <object_component_ref idref="oc-158"/>
      </symbol>
      <symbol id="sm-292">
         <name>clocktime</name>
         <value>0x20000538</value>
         <object_component_ref idref="oc-15b"/>
      </symbol>
      <symbol id="sm-293">
         <name>Alarmclock</name>
         <value>0xaa9</value>
         <object_component_ref idref="oc-1bf"/>
      </symbol>
      <symbol id="sm-294">
         <name>HOME</name>
         <value>0xe5</value>
         <object_component_ref idref="oc-1bf"/>
      </symbol>
      <symbol id="sm-295">
         <name>Countdown</name>
         <value>0x699</value>
         <object_component_ref idref="oc-1bf"/>
      </symbol>
      <symbol id="sm-345">
         <name>key_init</name>
         <value>0x151d</value>
         <object_component_ref idref="oc-7c"/>
      </symbol>
      <symbol id="sm-346">
         <name>PORT4_IRQHandler</name>
         <value>0x169d</value>
         <object_component_ref idref="oc-7c"/>
      </symbol>
      <symbol id="sm-347">
         <name>PORT1_IRQHandler</name>
         <value>0x1cdd</value>
         <object_component_ref idref="oc-7c"/>
      </symbol>
      <symbol id="sm-348">
         <name>key_scan_INTERRUPT</name>
         <value>0x1561</value>
         <object_component_ref idref="oc-7c"/>
      </symbol>
      <symbol id="sm-349">
         <name>k</name>
         <value>0x20000518</value>
         <object_component_ref idref="oc-155"/>
      </symbol>
      <symbol id="sm-34a">
         <name>TXData</name>
         <value>0x2000051c</value>
         <object_component_ref idref="oc-155"/>
      </symbol>
      <symbol id="sm-34b">
         <name>C61_flag</name>
         <value>0x20000510</value>
         <object_component_ref idref="oc-155"/>
      </symbol>
      <symbol id="sm-34c">
         <name>C81_flag</name>
         <value>0x200004f0</value>
         <object_component_ref idref="oc-155"/>
      </symbol>
      <symbol id="sm-34d">
         <name>C3_flag</name>
         <value>0x200004fc</value>
         <object_component_ref idref="oc-155"/>
      </symbol>
      <symbol id="sm-34e">
         <name>C2_flag</name>
         <value>0x200004f8</value>
         <object_component_ref idref="oc-155"/>
      </symbol>
      <symbol id="sm-34f">
         <name>C1_flag</name>
         <value>0x200004f4</value>
         <object_component_ref idref="oc-155"/>
      </symbol>
      <symbol id="sm-350">
         <name>C7_flag</name>
         <value>0x20000514</value>
         <object_component_ref idref="oc-155"/>
      </symbol>
      <symbol id="sm-351">
         <name>C6_flag</name>
         <value>0x2000050c</value>
         <object_component_ref idref="oc-155"/>
      </symbol>
      <symbol id="sm-352">
         <name>C5_flag</name>
         <value>0x20000508</value>
         <object_component_ref idref="oc-155"/>
      </symbol>
      <symbol id="sm-353">
         <name>C4_flag</name>
         <value>0x20000500</value>
         <object_component_ref idref="oc-155"/>
      </symbol>
      <symbol id="sm-354">
         <name>C8_flag</name>
         <value>0x200004ec</value>
         <object_component_ref idref="oc-155"/>
      </symbol>
      <symbol id="sm-355">
         <name>flag</name>
         <value>0x200004e8</value>
         <object_component_ref idref="oc-155"/>
      </symbol>
      <symbol id="sm-356">
         <name>C41_flag</name>
         <value>0x20000504</value>
         <object_component_ref idref="oc-155"/>
      </symbol>
      <symbol id="sm-381">
         <name>main</name>
         <value>0x2ce5</value>
         <object_component_ref idref="oc-ac"/>
      </symbol>
      <symbol id="sm-396">
         <name>Reset_Handler</name>
         <value>0x397f</value>
         <object_component_ref idref="oc-6a"/>
      </symbol>
      <symbol id="sm-397">
         <name>Default_Handler</name>
         <value>0x398b</value>
         <object_component_ref idref="oc-6a"/>
      </symbol>
      <symbol id="sm-398">
         <name>interruptVectors</name>
         <value>0x0</value>
         <object_component_ref idref="oc-26"/>
      </symbol>
      <symbol id="sm-3e0">
         <name>SystemInit</name>
         <value>0x2891</value>
         <object_component_ref idref="oc-be"/>
      </symbol>
      <symbol id="sm-3e1">
         <name>SystemCoreClockUpdate</name>
         <value>0x2619</value>
         <object_component_ref idref="oc-be"/>
      </symbol>
      <symbol id="sm-3e2">
         <name>SystemCoreClock</name>
         <value>0x2000054c</value>
         <object_component_ref idref="oc-20b"/>
      </symbol>
      <symbol id="sm-400">
         <name>__aeabi_dsub</name>
         <value>0x2b2d</value>
         <object_component_ref idref="oc-16d"/>
      </symbol>
      <symbol id="sm-401">
         <name>__aeabi_dadd</name>
         <value>0x2b37</value>
         <object_component_ref idref="oc-16d"/>
      </symbol>
      <symbol id="sm-413">
         <name>__aeabi_cdrcmple</name>
         <value>0x31a1</value>
         <object_component_ref idref="oc-168"/>
      </symbol>
      <symbol id="sm-41e">
         <name>__aeabi_dmul</name>
         <value>0x2f81</value>
         <object_component_ref idref="oc-163"/>
      </symbol>
      <symbol id="sm-428">
         <name>__aeabi_d2iz</name>
         <value>0x358d</value>
         <object_component_ref idref="oc-172"/>
      </symbol>
      <symbol id="sm-432">
         <name>__aeabi_i2d</name>
         <value>0x37c1</value>
         <object_component_ref idref="oc-15e"/>
      </symbol>
      <symbol id="sm-44c">
         <name>__TI_zero_init_nomemset</name>
         <value>0x3901</value>
         <object_component_ref idref="oc-46"/>
      </symbol>
      <symbol id="sm-463">
         <name>__TI_decompress_none</name>
         <value>0x3971</value>
         <object_component_ref idref="oc-1d"/>
      </symbol>
      <symbol id="sm-486">
         <name>__TI_decompress_lzss</name>
         <value>0x340d</value>
         <object_component_ref idref="oc-17"/>
      </symbol>
      <symbol id="sm-491">
         <name>C$$EXIT</name>
         <value>0x399d</value>
         <object_component_ref idref="oc-1cd"/>
      </symbol>
      <symbol id="sm-492">
         <name>abort</name>
         <value>0x399d</value>
         <object_component_ref idref="oc-1cd"/>
      </symbol>
      <symbol id="sm-4a4">
         <name>_sys_memory</name>
         <value>0x200000e8</value>
         <object_component_ref idref="oc-29"/>
      </symbol>
      <symbol id="sm-4b7">
         <name>__stack</name>
         <value>0x2000fe00</value>
         <object_component_ref idref="oc-2c"/>
      </symbol>
      <symbol id="sm-4b8">
         <name>_c_int00_noargs</name>
         <value>0x36fd</value>
         <object_component_ref idref="oc-58"/>
      </symbol>
      <symbol id="sm-4d8">
         <name>memcpy</name>
         <value>0x307d</value>
         <object_component_ref idref="oc-3a"/>
      </symbol>
      <symbol id="sm-4d9">
         <name>__aeabi_memcpy</name>
         <value>0x307d</value>
         <object_component_ref idref="oc-3a"/>
      </symbol>
      <symbol id="sm-4da">
         <name>__aeabi_memcpy8</name>
         <value>0x307d</value>
         <object_component_ref idref="oc-3a"/>
      </symbol>
      <symbol id="sm-4db">
         <name>__aeabi_memcpy4</name>
         <value>0x307d</value>
         <object_component_ref idref="oc-3a"/>
      </symbol>
      <symbol id="sm-503">
         <name>__TI_auto_init_nobinit_nopinit</name>
         <value>0x35d5</value>
         <object_component_ref idref="oc-1d9"/>
      </symbol>
      <symbol id="sm-50d">
         <name>_system_pre_init</name>
         <value>0x3999</value>
         <object_component_ref idref="oc-a6"/>
      </symbol>
      <symbol id="sm-555">
         <name>CS_setDCOCenteredFrequency</name>
         <value>0x3695</value>
         <object_component_ref idref="oc-d1"/>
      </symbol>
      <symbol id="sm-5fc">
         <name>GPIO_setOutputHighOnPin</name>
         <value>0x3841</value>
         <object_component_ref idref="oc-1b3"/>
      </symbol>
      <symbol id="sm-5fd">
         <name>GPIO_setAsInputPinWithPullUpResistor</name>
         <value>0x3535</value>
         <object_component_ref idref="oc-119"/>
      </symbol>
      <symbol id="sm-5fe">
         <name>GPIO_getInterruptStatus</name>
         <value>0x38b9</value>
         <object_component_ref idref="oc-17d"/>
      </symbol>
      <symbol id="sm-5ff">
         <name>GPIO_enableInterrupt</name>
         <value>0x3819</value>
         <object_component_ref idref="oc-131"/>
      </symbol>
      <symbol id="sm-600">
         <name>GPIO_getEnabledInterruptStatus</name>
         <value>0x3229</value>
         <object_component_ref idref="oc-13d"/>
      </symbol>
      <symbol id="sm-601">
         <name>GPIO_setAsOutputPin</name>
         <value>0x3619</value>
         <object_component_ref idref="oc-c5"/>
      </symbol>
      <symbol id="sm-602">
         <name>GPIO_interruptEdgeSelect</name>
         <value>0x3659</value>
         <object_component_ref idref="oc-11f"/>
      </symbol>
      <symbol id="sm-603">
         <name>GPIO_setOutputLowOnPin</name>
         <value>0x3869</value>
         <object_component_ref idref="oc-1b9"/>
      </symbol>
      <symbol id="sm-604">
         <name>GPIO_clearInterruptFlag</name>
         <value>0x37f1</value>
         <object_component_ref idref="oc-125"/>
      </symbol>
      <symbol id="sm-605">
         <name>GPIO_toggleOutputOnPin</name>
         <value>0x3891</value>
         <object_component_ref idref="oc-14f"/>
      </symbol>
      <symbol id="sm-606">
         <name>GPIO_setAsPeripheralModuleFunctionOutputPin</name>
         <value>0x3119</value>
         <object_component_ref idref="oc-cb"/>
      </symbol>
      <symbol id="sm-607">
         <name>GPIO_getInputPinValue</name>
         <value>0x3731</value>
         <object_component_ref idref="oc-149"/>
      </symbol>
      <symbol id="sm-608">
         <name>GPIO_registerInterrupt</name>
         <value>0x38dd</value>
         <object_component_ref idref="oc-12b"/>
      </symbol>
      <symbol id="sm-641">
         <name>Interrupt_enableMaster</name>
         <value>0x3961</value>
         <object_component_ref idref="oc-137"/>
      </symbol>
      <symbol id="sm-642">
         <name>Interrupt_enableInterrupt</name>
         <value>0x32ad</value>
         <object_component_ref idref="oc-e9"/>
      </symbol>
      <symbol id="sm-643">
         <name>Interrupt_registerInterrupt</name>
         <value>0x34d9</value>
         <object_component_ref idref="oc-24d"/>
      </symbol>
      <symbol id="sm-644">
         <name>g_pfnRAMVectors</name>
         <value>0x20000000</value>
         <object_component_ref idref="oc-2ed"/>
      </symbol>
      <symbol id="sm-6af">
         <name>UART_enableInterrupt</name>
         <value>0x3761</value>
         <object_component_ref idref="oc-e3"/>
      </symbol>
      <symbol id="sm-6b0">
         <name>UART_receiveData</name>
         <value>0x3791</value>
         <object_component_ref idref="oc-f5"/>
      </symbol>
      <symbol id="sm-6b1">
         <name>UART_enableModule</name>
         <value>0x394b</value>
         <object_component_ref idref="oc-dd"/>
      </symbol>
      <symbol id="sm-6b2">
         <name>UART_getEnabledInterruptStatus</name>
         <value>0x3475</value>
         <object_component_ref idref="oc-ef"/>
      </symbol>
      <symbol id="sm-6b3">
         <name>UART_transmitData</name>
         <value>0x36c9</value>
         <object_component_ref idref="oc-fb"/>
      </symbol>
      <symbol id="sm-6b4">
         <name>UART_getInterruptStatus</name>
         <value>0x391d</value>
         <object_component_ref idref="oc-22c"/>
      </symbol>
      <symbol id="sm-6b5">
         <name>UART_initModule</name>
         <value>0x2e65</value>
         <object_component_ref idref="oc-d7"/>
      </symbol>
      <symbol id="sm-6b6">
         <name>UART_clearInterruptFlag</name>
         <value>0x3935</value>
         <object_component_ref idref="oc-101"/>
      </symbol>
      <symbol id="sm-6c0">
         <name>CPU_cpsie</name>
         <value>0x398d</value>
         <object_component_ref idref="oc-259"/>
      </symbol>
      <symbol id="sm-6c1">
         <name>__TI_static_base__</name>
         <value>0x0</value>
      </symbol>
      <symbol id="sm-6c4">
         <name>__mpu_init</name>
         <value>0x0</value>
      </symbol>
      <symbol id="sm-6c5">
         <name>_system_post_cinit</name>
         <value>0x0</value>
      </symbol>
      <symbol id="sm-6c6">
         <name>NMI_Handler</name>
         <value>0x398b</value>
      </symbol>
      <symbol id="sm-6c7">
         <name>HardFault_Handler</name>
         <value>0x398b</value>
      </symbol>
      <symbol id="sm-6c8">
         <name>MemManage_Handler</name>
         <value>0x398b</value>
      </symbol>
      <symbol id="sm-6c9">
         <name>BusFault_Handler</name>
         <value>0x398b</value>
      </symbol>
      <symbol id="sm-6ca">
         <name>UsageFault_Handler</name>
         <value>0x398b</value>
      </symbol>
      <symbol id="sm-6cb">
         <name>SVC_Handler</name>
         <value>0x398b</value>
      </symbol>
      <symbol id="sm-6cc">
         <name>DebugMon_Handler</name>
         <value>0x398b</value>
      </symbol>
      <symbol id="sm-6cd">
         <name>PendSV_Handler</name>
         <value>0x398b</value>
      </symbol>
      <symbol id="sm-6ce">
         <name>SysTick_Handler</name>
         <value>0x398b</value>
      </symbol>
      <symbol id="sm-6cf">
         <name>PSS_IRQHandler</name>
         <value>0x398b</value>
      </symbol>
      <symbol id="sm-6d0">
         <name>CS_IRQHandler</name>
         <value>0x398b</value>
      </symbol>
      <symbol id="sm-6d1">
         <name>PCM_IRQHandler</name>
         <value>0x398b</value>
      </symbol>
      <symbol id="sm-6d2">
         <name>WDT_A_IRQHandler</name>
         <value>0x398b</value>
      </symbol>
      <symbol id="sm-6d3">
         <name>FPU_IRQHandler</name>
         <value>0x398b</value>
      </symbol>
      <symbol id="sm-6d4">
         <name>FLCTL_IRQHandler</name>
         <value>0x398b</value>
      </symbol>
      <symbol id="sm-6d5">
         <name>COMP_E0_IRQHandler</name>
         <value>0x398b</value>
      </symbol>
      <symbol id="sm-6d6">
         <name>COMP_E1_IRQHandler</name>
         <value>0x398b</value>
      </symbol>
      <symbol id="sm-6d7">
         <name>TA0_0_IRQHandler</name>
         <value>0x398b</value>
      </symbol>
      <symbol id="sm-6d8">
         <name>TA0_N_IRQHandler</name>
         <value>0x398b</value>
      </symbol>
      <symbol id="sm-6d9">
         <name>TA1_0_IRQHandler</name>
         <value>0x398b</value>
      </symbol>
      <symbol id="sm-6da">
         <name>TA1_N_IRQHandler</name>
         <value>0x398b</value>
      </symbol>
      <symbol id="sm-6db">
         <name>TA2_0_IRQHandler</name>
         <value>0x398b</value>
      </symbol>
      <symbol id="sm-6dc">
         <name>TA2_N_IRQHandler</name>
         <value>0x398b</value>
      </symbol>
      <symbol id="sm-6dd">
         <name>TA3_0_IRQHandler</name>
         <value>0x398b</value>
      </symbol>
      <symbol id="sm-6de">
         <name>TA3_N_IRQHandler</name>
         <value>0x398b</value>
      </symbol>
      <symbol id="sm-6df">
         <name>EUSCIA0_IRQHandler</name>
         <value>0x33d7</value>
      </symbol>
      <symbol id="sm-6e0">
         <name>EUSCIA1_IRQHandler</name>
         <value>0x398b</value>
      </symbol>
      <symbol id="sm-6e1">
         <name>EUSCIA2_IRQHandler</name>
         <value>0x398b</value>
      </symbol>
      <symbol id="sm-6e2">
         <name>EUSCIA3_IRQHandler</name>
         <value>0x398b</value>
      </symbol>
      <symbol id="sm-6e3">
         <name>EUSCIB0_IRQHandler</name>
         <value>0x398b</value>
      </symbol>
      <symbol id="sm-6e4">
         <name>EUSCIB1_IRQHandler</name>
         <value>0x398b</value>
      </symbol>
      <symbol id="sm-6e5">
         <name>EUSCIB2_IRQHandler</name>
         <value>0x398b</value>
      </symbol>
      <symbol id="sm-6e6">
         <name>EUSCIB3_IRQHandler</name>
         <value>0x398b</value>
      </symbol>
      <symbol id="sm-6e7">
         <name>ADC14_IRQHandler</name>
         <value>0x398b</value>
      </symbol>
      <symbol id="sm-6e8">
         <name>T32_INT1_IRQHandler</name>
         <value>0x3375</value>
      </symbol>
      <symbol id="sm-6e9">
         <name>T32_INT2_IRQHandler</name>
         <value>0x398b</value>
      </symbol>
      <symbol id="sm-6ea">
         <name>T32_INTC_IRQHandler</name>
         <value>0x398b</value>
      </symbol>
      <symbol id="sm-6eb">
         <name>AES256_IRQHandler</name>
         <value>0x398b</value>
      </symbol>
      <symbol id="sm-6ec">
         <name>RTC_C_IRQHandler</name>
         <value>0x398b</value>
      </symbol>
      <symbol id="sm-6ed">
         <name>DMA_ERR_IRQHandler</name>
         <value>0x398b</value>
      </symbol>
      <symbol id="sm-6ee">
         <name>DMA_INT3_IRQHandler</name>
         <value>0x398b</value>
      </symbol>
      <symbol id="sm-6ef">
         <name>DMA_INT2_IRQHandler</name>
         <value>0x398b</value>
      </symbol>
      <symbol id="sm-6f0">
         <name>DMA_INT1_IRQHandler</name>
         <value>0x398b</value>
      </symbol>
      <symbol id="sm-6f1">
         <name>DMA_INT0_IRQHandler</name>
         <value>0x398b</value>
      </symbol>
      <symbol id="sm-6f2">
         <name>PORT1_IRQHandler</name>
         <value>0x1cdd</value>
      </symbol>
      <symbol id="sm-6f3">
         <name>PORT2_IRQHandler</name>
         <value>0x398b</value>
      </symbol>
      <symbol id="sm-6f4">
         <name>PORT3_IRQHandler</name>
         <value>0x398b</value>
      </symbol>
      <symbol id="sm-6f5">
         <name>PORT4_IRQHandler</name>
         <value>0x169d</value>
      </symbol>
      <symbol id="sm-6f6">
         <name>PORT5_IRQHandler</name>
         <value>0x398b</value>
      </symbol>
      <symbol id="sm-6f7">
         <name>PORT6_IRQHandler</name>
         <value>0x398b</value>
      </symbol>
   </symbol_table>
   <title>Link successful</title>
</link_info>
