******************************************************************************
                  TI ARM Linker PC v20.2.5                     
******************************************************************************
>> Linked Sat May 28 16:03:14 2022

OUTPUT FILE NAME:   <ESP432watch.out>
ENTRY POINT SYMBOL: "_c_int00_noargs"  address: 000036fd


MEMORY CONFIGURATION

         name            origin    length      used     unused   attr    fill
----------------------  --------  ---------  --------  --------  ----  --------
  MAIN                  00000000   00040000  00004a20  0003b5e0  R  X
  INFO                  00200000   00004000  00000000  00004000  R  X
  SRAM_CODE             01000000   00010000  00000798  0000f868  RW X
  SRAM_DATA             20000000   00010000  00000798  0000f868  RW  


SEGMENT ALLOCATION MAP

run origin  load origin   length   init length attrs members
----------  ----------- ---------- ----------- ----- -------
00000000    00000000    00004a20   00004a20    r-x
  00000000    00000000    000000e4   000000e4    r-- .intvecs
  000000e4    000000e4    000038bc   000038bc    r-x .text
  000039a0    000039a0    00001030   00001030    r-- .const
  000049d0    000049d0    00000050   00000050    r-- .cinit
20000000    20000000    00000598   00000000    rw-
  20000000    20000000    000000e8   00000000    rw- .vtable
  200000e8    200000e8    00000400   00000000    rw- .sysmem
  200004e8    200004e8    00000068   00000000    rw- .data
  20000550    20000550    00000048   00000000    rw- .bss
2000fe00    2000fe00    00000200   00000000    rw-
  2000fe00    2000fe00    00000200   00000000    rw- .stack


SECTION ALLOCATION MAP

 output                                  attributes/
section   page    origin      length       input sections
--------  ----  ----------  ----------   ----------------
.intvecs   0    00000000    000000e4     
                  00000000    000000e4     startup_msp432p401r_ccs.obj (.intvecs:retain)

.text      0    000000e4    000038bc     
                  000000e4    00000b58     interface.obj (.text)
                  00000c3c    000008e0     DS1302.obj (.text)
                  0000151c    000008d0     key.obj (.text)
                  00001dec    0000082c     OLED.obj (.text)
                  00002618    00000334     system_msp432p401r.obj (.text)
                  0000294c    000001e0     Clock.obj (.text)
                  00002b2c    000001b6     rtsv7M4_T_le_v4SPD16_eabi.lib : fd_add_t2.asm.obj (.text)
                  00002ce2    00000002     --HOLE-- [fill = 0]
                  00002ce4    00000180     main.obj (.text)
                  00002e64    0000011c     msp432p4xx_driverlib.lib : uart.o (.text:UART_initModule)
                  00002f80    000000fc     rtsv7M4_T_le_v4SPD16_eabi.lib : fd_mul_t2.asm.obj (.text)
                  0000307c    0000009c                                   : memcpy_t2.asm.obj (.text)
                  00003118    00000088     msp432p4xx_driverlib.lib : gpio.o (.text:GPIO_setAsPeripheralModuleFunctionOutputPin)
                  000031a0    00000086     rtsv7M4_T_le_v4SPD16_eabi.lib : fd_cmp_t2.asm.obj (.text:__aeabi_cdrcmple)
                  00003226    00000002     --HOLE-- [fill = 0]
                  00003228    00000084     msp432p4xx_driverlib.lib : gpio.o (.text:GPIO_getEnabledInterruptStatus)
                  000032ac    00000080                              : interrupt.o (.text:Interrupt_enableInterrupt)
                  0000332c    00000070     Timer32.obj (.text)
                  0000339c    00000070     Uart.obj (.text)
                  0000340c    00000068     rtsv7M4_T_le_v4SPD16_eabi.lib : copy_decompress_lzss.c.obj (.text:decompress:lzss:__TI_decompress_lzss)
                  00003474    00000064     msp432p4xx_driverlib.lib : uart.o (.text:UART_getEnabledInterruptStatus)
                  000034d8    0000005c                              : interrupt.o (.text:Interrupt_registerInterrupt)
                  00003534    00000058                              : gpio.o (.text:GPIO_setAsInputPinWithPullUpResistor)
                  0000358c    00000048     rtsv7M4_T_le_v4SPD16_eabi.lib : fd_toi_t2.asm.obj (.text)
                  000035d4    00000044                                   : autoinit.c.obj (.text:__TI_auto_init_nobinit_nopinit:__TI_auto_init_nobinit_nopinit)
                  00003618    00000040     msp432p4xx_driverlib.lib : gpio.o (.text:GPIO_setAsOutputPin)
                  00003658    0000003c                              : gpio.o (.text:GPIO_interruptEdgeSelect)
                  00003694    00000034                              : cs.o (.text:CS_setDCOCenteredFrequency)
                  000036c8    00000034                              : uart.o (.text:UART_transmitData)
                  000036fc    00000034     rtsv7M4_T_le_v4SPD16_eabi.lib : boot_cortex_m.c.obj (.text:_c_int00_noargs:_c_int00_noargs)
                  00003730    00000030     msp432p4xx_driverlib.lib : gpio.o (.text:GPIO_getInputPinValue)
                  00003760    00000030                              : uart.o (.text:UART_enableInterrupt)
                  00003790    00000030                              : uart.o (.text:UART_receiveData)
                  000037c0    0000002e     rtsv7M4_T_le_v4SPD16_eabi.lib : i_tofd_t2.asm.obj (.text)
                  000037ee    00000002     --HOLE-- [fill = 0]
                  000037f0    00000028     msp432p4xx_driverlib.lib : gpio.o (.text:GPIO_clearInterruptFlag)
                  00003818    00000028                              : gpio.o (.text:GPIO_enableInterrupt)
                  00003840    00000028                              : gpio.o (.text:GPIO_setOutputHighOnPin)
                  00003868    00000028                              : gpio.o (.text:GPIO_setOutputLowOnPin)
                  00003890    00000028                              : gpio.o (.text:GPIO_toggleOutputOnPin)
                  000038b8    00000024                              : gpio.o (.text:GPIO_getInterruptStatus)
                  000038dc    00000024                              : gpio.o (.text:GPIO_registerInterrupt)
                  00003900    0000001c     rtsv7M4_T_le_v4SPD16_eabi.lib : copy_zero_init.c.obj (.text:decompress:ZI:__TI_zero_init_nomemset:__TI_zero_init_nomemset)
                  0000391c    00000018     msp432p4xx_driverlib.lib : uart.o (.text:UART_getInterruptStatus)
                  00003934    00000016                              : uart.o (.text:UART_clearInterruptFlag)
                  0000394a    00000016                              : uart.o (.text:UART_enableModule)
                  00003960    00000010                              : interrupt.o (.text:Interrupt_enableMaster)
                  00003970    0000000e     rtsv7M4_T_le_v4SPD16_eabi.lib : copy_decompress_none.c.obj (.text:decompress:none:__TI_decompress_none)
                  0000397e    0000000e     startup_msp432p401r_ccs.obj (.text)
                  0000398c    0000000c     msp432p4xx_driverlib.lib : cpu.o (.text:CPU_cpsie)
                  00003998    00000004     rtsv7M4_T_le_v4SPD16_eabi.lib : pre_init.c.obj (.text:_system_pre_init)
                  0000399c    00000004                                   : exit.c.obj (.text:abort:abort)

.const     0    000039a0    00001030     
                  000039a0    000005f0     OLED.obj (.const:asc2_1608)
                  00003f90    00000474     OLED.obj (.const:asc2_250)
                  00004404    000002b8     OLED.obj (.const:Hzk12)
                  000046bc    00000228     OLED.obj (.const:asc2_0806)
                  000048e4    00000060     OLED.obj (.const:Hzk)
                  00004944    00000030     msp432p4xx_driverlib.lib : gpio.o (.const:GPIO_PORT_TO_BASE)
                  00004974    00000028     Uart.obj (.const:uartconfig)
                  0000499c    0000001c     msp432p4xx_driverlib.lib : gpio.o (.const:GPIO_PORT_TO_INT)
                  000049b8    00000008     DS1302.obj (.const:.string:$P$T0$1)
                  000049c0    00000008     DS1302.obj (.const:.string:$P$T1$2)
                  000049c8    00000008     msp432p4xx_driverlib.lib : interrupt.o (.const:g_pulEnRegs)

.cinit     0    000049d0    00000050     
                  000049d0    00000017     (.cinit..data.load) [load image, compression = lzss]
                  000049e7    00000001     --HOLE-- [fill = 0]
                  000049e8    0000000c     (__TI_handler_table)
                  000049f4    00000004     --HOLE-- [fill = 0]
                  000049f8    00000008     (.cinit..bss.load) [load image, compression = zero_init]
                  00004a00    00000008     (.cinit..vtable.load) [load image, compression = zero_init]
                  00004a08    00000018     (__TI_cinit_table)

.init_array 
*          0    00000000    00000000     UNINITIALIZED

.binit     0    00000000    00000000     

.vtable    0    20000000    000000e8     UNINITIALIZED
                  20000000    000000e8     msp432p4xx_driverlib.lib : interrupt.o (.vtable)

.sysmem    0    200000e8    00000400     UNINITIALIZED
                  200000e8    00000010     rtsv7M4_T_le_v4SPD16_eabi.lib : memory.c.obj (.sysmem)
                  200000f8    000003f0     --HOLE--

.data      0    200004e8    00000068     UNINITIALIZED
                  200004e8    00000035     key.obj (.data)
                  2000051d    00000003     --HOLE--
                  20000520    00000018     Clock.obj (.data)
                  20000538    0000000c     interface.obj (.data:clocktime)
                  20000544    00000004     DS1302.obj (.data)
                  20000548    00000004     interface.obj (.data)
                  2000054c    00000004     system_msp432p401r.obj (.data)

.bss       0    20000550    00000048     UNINITIALIZED
                  20000550    0000001c     (.common:data_buf)
                  2000056c    0000001c     (.common:data_buf12)
                  20000588    0000000c     (.common:time_now)
                  20000594    00000004     (.common:PeriodicTask32)

.stack     0    2000fe00    00000200     UNINITIALIZED
                  2000fe00    00000004     rtsv7M4_T_le_v4SPD16_eabi.lib : boot_cortex_m.c.obj (.stack)
                  2000fe04    000001fc     --HOLE--

__llvm_prf_cnts 
*          0    20000000    00000000     UNINITIALIZED

MODULE SUMMARY

       Module                        code    ro data   rw data
       ------                        ----    -------   -------
    .\
       OLED.obj                      2092    4004      0      
       interface.obj                 2904    0         32     
       DS1302.obj                    2272    16        144    
       key.obj                       2256    0         106    
       system_msp432p401r.obj        820     0         8      
       Clock.obj                     480     0         48     
       main.obj                      384     0         0      
       startup_msp432p401r_ccs.obj   14      228       0      
       Uart.obj                      112     40        0      
       Timer32.obj                   112     0         8      
    +--+-----------------------------+-------+---------+---------+
       Total:                        11446   4288      346    
                                                              
    C:/TI/simplelink_msp432p4_sdk_3_40_01_02/source/ti/devices/msp432p4xx/driverlib/ccs/msp432p4xx_driverlib.lib
       gpio.o                        800     76        0      
       interrupt.o                   236     8         464    
       uart.o                        600     0         0      
       cs.o                          52      0         0      
       cpu.o                         12      0         0      
    +--+-----------------------------+-------+---------+---------+
       Total:                        1700    84        464    
                                                              
    C:\TI\ccs1100\ccs\tools\compiler\ti-cgt-arm_20.2.5.LTS\lib\rtsv7M4_T_le_v4SPD16_eabi.lib
       fd_add_t2.asm.obj             438     0         0      
       fd_mul_t2.asm.obj             252     0         0      
       memcpy_t2.asm.obj             156     0         0      
       fd_cmp_t2.asm.obj             134     0         0      
       copy_decompress_lzss.c.obj    104     0         0      
       fd_toi_t2.asm.obj             72      0         0      
       autoinit.c.obj                68      0         0      
       boot_cortex_m.c.obj           52      0         0      
       i_tofd_t2.asm.obj             46      0         0      
       copy_zero_init.c.obj          28      0         0      
       copy_decompress_none.c.obj    14      0         0      
       exit.c.obj                    4       0         0      
       pre_init.c.obj                4       0         0      
    +--+-----------------------------+-------+---------+---------+
       Total:                        1372    0         0      
                                                              
       Heap:                         0       0         2048   
       Stack:                        0       0         1024   
       Linker Generated:             0       75        0      
    +--+-----------------------------+-------+---------+---------+
       Grand Total:                  14518   4447      3882   


LINKER GENERATED COPY TABLES

__TI_cinit_table @ 00004a08 records: 3, size/record: 8, table size: 24
	.data: load addr=000049d0, load size=00000017 bytes, run addr=200004e8, run size=00000068 bytes, compression=lzss
	.bss: load addr=000049f8, load size=00000008 bytes, run addr=20000550, run size=00000048 bytes, compression=zero_init
	.vtable: load addr=00004a00, load size=00000008 bytes, run addr=20000000, run size=000000e8 bytes, compression=zero_init


LINKER GENERATED HANDLER TABLE

__TI_handler_table @ 000049e8 records: 3, size/record: 4, table size: 12
	index: 0, handler: __TI_zero_init
	index: 1, handler: __TI_decompress_lzss
	index: 2, handler: __TI_decompress_none


GLOBAL SYMBOLS: SORTED ALPHABETICALLY BY Name 

address   name                                       
-------   ----                                       
0000398b  ADC14_IRQHandler                           
0000398b  AES256_IRQHandler                          
00000aa9  Alarmclock                                 
0000398b  BusFault_Handler                           
0000399d  C$$EXIT                                    
200004f4  C1_flag                                    
200004f8  C2_flag                                    
200004fc  C3_flag                                    
20000504  C41_flag                                   
20000500  C4_flag                                    
20000508  C5_flag                                    
20000510  C61_flag                                   
2000050c  C6_flag                                    
20000514  C7_flag                                    
200004f0  C81_flag                                   
200004ec  C8_flag                                    
0000398b  COMP_E0_IRQHandler                         
0000398b  COMP_E1_IRQHandler                         
20000528  CPMwait                                    
0000398d  CPU_cpsie                                  
0000398b  CS_IRQHandler                              
00003695  CS_setDCOCenteredFrequency                 
20000520  ClockFrequency                             
00002aa1  Clock_Delay1ms                             
00002a77  Clock_Delay1us                             
00002a63  Clock_GetFreq                              
0000294d  Clock_Init48MHz                            
00000699  Countdown                                  
20000534  Crystalstable                              
0000398b  DMA_ERR_IRQHandler                         
0000398b  DMA_INT0_IRQHandler                        
0000398b  DMA_INT1_IRQHandler                        
0000398b  DMA_INT2_IRQHandler                        
0000398b  DMA_INT3_IRQHandler                        
00000ef1  DS1302_Read_Time                           
00000f49  DS1302_read_time                           
0000101b  DS1302_write_time                          
0000398b  DebugMon_Handler                           
0000398b  Default_Handler                            
000033d7  EUSCIA0_IRQHandler                         
000033d7  EUSCIA0_IRQHandler                         
0000398b  EUSCIA1_IRQHandler                         
0000398b  EUSCIA2_IRQHandler                         
0000398b  EUSCIA3_IRQHandler                         
0000398b  EUSCIB0_IRQHandler                         
0000398b  EUSCIB1_IRQHandler                         
0000398b  EUSCIB2_IRQHandler                         
0000398b  EUSCIB3_IRQHandler                         
0000398b  FLCTL_IRQHandler                           
0000398b  FPU_IRQHandler                             
000037f1  GPIO_clearInterruptFlag                    
00003819  GPIO_enableInterrupt                       
00003229  GPIO_getEnabledInterruptStatus             
00003731  GPIO_getInputPinValue                      
000038b9  GPIO_getInterruptStatus                    
00003659  GPIO_interruptEdgeSelect                   
000038dd  GPIO_registerInterrupt                     
00003535  GPIO_setAsInputPinWithPullUpResistor       
00003619  GPIO_setAsOutputPin                        
00003119  GPIO_setAsPeripheralModuleFunctionOutputPin
00003841  GPIO_setOutputHighOnPin                    
00003869  GPIO_setOutputLowOnPin                     
00003891  GPIO_toggleOutputOnPin                     
000000e5  HOME                                       
0000398b  HardFault_Handler                          
000048e4  Hzk                                        
00004404  Hzk12                                      
20000530  IFlags                                     
000032ad  Interrupt_enableInterrupt                  
00003961  Interrupt_enableMaster                     
000034d9  Interrupt_registerInterrupt                
0000398b  MemManage_Handler                          
00000521  Menu                                       
0000398b  NMI_Handler                                
00001f95  OLED_Clear                                 
00001fff  OLED_Clearline                             
00001ec5  OLED_ColorTurn                             
00001eeb  OLED_DisplayTurn                           
00001f79  OLED_Display_Off                           
00001f5d  OLED_Display_On                            
000023c5  OLED_DrawBMP                               
00002471  OLED_Init                                  
00001f21  OLED_Set_Pos                               
00002049  OLED_ShowChar                              
00002303  OLED_ShowChinese                           
000021ad  OLED_ShowNum                               
000025af  OLED_ShowNum_buquan                        
00002297  OLED_ShowString                            
00001e1f  OLED_WR_Byte                               
0000398b  PCM_IRQHandler                             
00001cdd  PORT1_IRQHandler                           
00001cdd  PORT1_IRQHandler                           
0000398b  PORT2_IRQHandler                           
0000398b  PORT3_IRQHandler                           
0000169d  PORT4_IRQHandler                           
0000169d  PORT4_IRQHandler                           
0000398b  PORT5_IRQHandler                           
0000398b  PORT6_IRQHandler                           
0000398b  PSS_IRQHandler                             
0000398b  PendSV_Handler                             
20000594  PeriodicTask32                             
2000052c  Postwait                                   
20000524  Prewait                                    
0000398b  RTC_C_IRQHandler                           
00000d5b  R_Data                                     
0000397f  Reset_Handler                              
0000398b  SVC_Handler                                
00000e9b  Set_DS1302                                 
0000398b  SysTick_Handler                            
2000054c  SystemCoreClock                            
00002619  SystemCoreClockUpdate                      
00002891  SystemInit                                 
00003375  T32_INT1_IRQHandler                        
00003375  T32_INT1_IRQHandler                        
0000398b  T32_INT2_IRQHandler                        
0000398b  T32_INTC_IRQHandler                        
0000398b  TA0_0_IRQHandler                           
0000398b  TA0_N_IRQHandler                           
0000398b  TA1_0_IRQHandler                           
0000398b  TA1_N_IRQHandler                           
0000398b  TA2_0_IRQHandler                           
0000398b  TA2_N_IRQHandler                           
0000398b  TA3_0_IRQHandler                           
0000398b  TA3_N_IRQHandler                           
0000125d  TIME_SET                                   
2000051c  TXData                                     
0000332d  Timer32_Init                               
00003935  UART_clearInterruptFlag                    
00003761  UART_enableInterrupt                       
0000394b  UART_enableModule                          
00003475  UART_getEnabledInterruptStatus             
0000391d  UART_getInterruptStatus                    
00002e65  UART_initModule                            
00003791  UART_receiveData                           
000036c9  UART_transmitData                          
0000398b  UsageFault_Handler                         
4000480c  WDTCTL_SYM                                 
0000398b  WDT_A_IRQHandler                           
00000c3d  W_Data                                     
00000955  Worldtime                                  
20010000  __STACK_END                                
00000200  __STACK_SIZE                               
00000400  __SYSMEM_SIZE                              
00004a08  __TI_CINIT_Base                            
00004a20  __TI_CINIT_Limit                           
000049e8  __TI_Handler_Table_Base                    
000049f4  __TI_Handler_Table_Limit                   
000035d5  __TI_auto_init_nobinit_nopinit             
0000340d  __TI_decompress_lzss                       
00003971  __TI_decompress_none                       
ffffffff  __TI_pprof_out_hndl                        
ffffffff  __TI_prof_data_size                        
ffffffff  __TI_prof_data_start                       
00000000  __TI_static_base__                         
00003901  __TI_zero_init_nomemset                    
000031a1  __aeabi_cdrcmple                           
0000358d  __aeabi_d2iz                               
00002b37  __aeabi_dadd                               
00002f81  __aeabi_dmul                               
00002b2d  __aeabi_dsub                               
000037c1  __aeabi_i2d                                
0000307d  __aeabi_memcpy                             
0000307d  __aeabi_memcpy4                            
0000307d  __aeabi_memcpy8                            
ffffffff  __binit__                                  
ffffffff  __c_args__                                 
UNDEFED   __mpu_init                                 
2000fe00  __stack                                    
20000000  __start___llvm_prf_cnts                    
20000000  __stop___llvm_prf_cnts                     
000036fd  _c_int00_noargs                            
200000e8  _sys_memory                                
UNDEFED   _system_post_cinit                         
00003999  _system_pre_init                           
0000399d  abort                                      
000046bc  asc2_0806                                  
000039a0  asc2_1608                                  
00003f90  asc2_250                                   
ffffffff  binit                                      
20000538  clocktime                                  
20000550  data_buf                                   
2000056c  data_buf12                                 
00001299  data_get                                   
00002a69  delay                                      
00001ded  delay_ms                                   
200004e8  flag                                       
20000000  g_pfnRAMVectors                            
000011b5  getWeekdayByYearday                        
00001239  get_time                                   
00000000  interruptVectors                           
20000518  k                                          
0000151d  key_init                                   
00001561  key_scan_INTERRUPT                         
00002ce5  main                                       
20000544  mb                                         
0000307d  memcpy                                     
0000217d  oled_pow                                   
20000548  second_zong                                
20000588  time_now                                   
0000132d  time_transform                             
0000339d  uart0_init                                 
00004974  uartconfig                                 


GLOBAL SYMBOLS: SORTED BY Symbol Address 

address   name                                       
-------   ----                                       
00000000  __TI_static_base__                         
00000000  interruptVectors                           
000000e5  HOME                                       
00000200  __STACK_SIZE                               
00000400  __SYSMEM_SIZE                              
00000521  Menu                                       
00000699  Countdown                                  
00000955  Worldtime                                  
00000aa9  Alarmclock                                 
00000c3d  W_Data                                     
00000d5b  R_Data                                     
00000e9b  Set_DS1302                                 
00000ef1  DS1302_Read_Time                           
00000f49  DS1302_read_time                           
0000101b  DS1302_write_time                          
000011b5  getWeekdayByYearday                        
00001239  get_time                                   
0000125d  TIME_SET                                   
00001299  data_get                                   
0000132d  time_transform                             
0000151d  key_init                                   
00001561  key_scan_INTERRUPT                         
0000169d  PORT4_IRQHandler                           
0000169d  PORT4_IRQHandler                           
00001cdd  PORT1_IRQHandler                           
00001cdd  PORT1_IRQHandler                           
00001ded  delay_ms                                   
00001e1f  OLED_WR_Byte                               
00001ec5  OLED_ColorTurn                             
00001eeb  OLED_DisplayTurn                           
00001f21  OLED_Set_Pos                               
00001f5d  OLED_Display_On                            
00001f79  OLED_Display_Off                           
00001f95  OLED_Clear                                 
00001fff  OLED_Clearline                             
00002049  OLED_ShowChar                              
0000217d  oled_pow                                   
000021ad  OLED_ShowNum                               
00002297  OLED_ShowString                            
00002303  OLED_ShowChinese                           
000023c5  OLED_DrawBMP                               
00002471  OLED_Init                                  
000025af  OLED_ShowNum_buquan                        
00002619  SystemCoreClockUpdate                      
00002891  SystemInit                                 
0000294d  Clock_Init48MHz                            
00002a63  Clock_GetFreq                              
00002a69  delay                                      
00002a77  Clock_Delay1us                             
00002aa1  Clock_Delay1ms                             
00002b2d  __aeabi_dsub                               
00002b37  __aeabi_dadd                               
00002ce5  main                                       
00002e65  UART_initModule                            
00002f81  __aeabi_dmul                               
0000307d  __aeabi_memcpy                             
0000307d  __aeabi_memcpy4                            
0000307d  __aeabi_memcpy8                            
0000307d  memcpy                                     
00003119  GPIO_setAsPeripheralModuleFunctionOutputPin
000031a1  __aeabi_cdrcmple                           
00003229  GPIO_getEnabledInterruptStatus             
000032ad  Interrupt_enableInterrupt                  
0000332d  Timer32_Init                               
00003375  T32_INT1_IRQHandler                        
00003375  T32_INT1_IRQHandler                        
0000339d  uart0_init                                 
000033d7  EUSCIA0_IRQHandler                         
000033d7  EUSCIA0_IRQHandler                         
0000340d  __TI_decompress_lzss                       
00003475  UART_getEnabledInterruptStatus             
000034d9  Interrupt_registerInterrupt                
00003535  GPIO_setAsInputPinWithPullUpResistor       
0000358d  __aeabi_d2iz                               
000035d5  __TI_auto_init_nobinit_nopinit             
00003619  GPIO_setAsOutputPin                        
00003659  GPIO_interruptEdgeSelect                   
00003695  CS_setDCOCenteredFrequency                 
000036c9  UART_transmitData                          
000036fd  _c_int00_noargs                            
00003731  GPIO_getInputPinValue                      
00003761  UART_enableInterrupt                       
00003791  UART_receiveData                           
000037c1  __aeabi_i2d                                
000037f1  GPIO_clearInterruptFlag                    
00003819  GPIO_enableInterrupt                       
00003841  GPIO_setOutputHighOnPin                    
00003869  GPIO_setOutputLowOnPin                     
00003891  GPIO_toggleOutputOnPin                     
000038b9  GPIO_getInterruptStatus                    
000038dd  GPIO_registerInterrupt                     
00003901  __TI_zero_init_nomemset                    
0000391d  UART_getInterruptStatus                    
00003935  UART_clearInterruptFlag                    
0000394b  UART_enableModule                          
00003961  Interrupt_enableMaster                     
00003971  __TI_decompress_none                       
0000397f  Reset_Handler                              
0000398b  ADC14_IRQHandler                           
0000398b  AES256_IRQHandler                          
0000398b  BusFault_Handler                           
0000398b  COMP_E0_IRQHandler                         
0000398b  COMP_E1_IRQHandler                         
0000398b  CS_IRQHandler                              
0000398b  DMA_ERR_IRQHandler                         
0000398b  DMA_INT0_IRQHandler                        
0000398b  DMA_INT1_IRQHandler                        
0000398b  DMA_INT2_IRQHandler                        
0000398b  DMA_INT3_IRQHandler                        
0000398b  DebugMon_Handler                           
0000398b  Default_Handler                            
0000398b  EUSCIA1_IRQHandler                         
0000398b  EUSCIA2_IRQHandler                         
0000398b  EUSCIA3_IRQHandler                         
0000398b  EUSCIB0_IRQHandler                         
0000398b  EUSCIB1_IRQHandler                         
0000398b  EUSCIB2_IRQHandler                         
0000398b  EUSCIB3_IRQHandler                         
0000398b  FLCTL_IRQHandler                           
0000398b  FPU_IRQHandler                             
0000398b  HardFault_Handler                          
0000398b  MemManage_Handler                          
0000398b  NMI_Handler                                
0000398b  PCM_IRQHandler                             
0000398b  PORT2_IRQHandler                           
0000398b  PORT3_IRQHandler                           
0000398b  PORT5_IRQHandler                           
0000398b  PORT6_IRQHandler                           
0000398b  PSS_IRQHandler                             
0000398b  PendSV_Handler                             
0000398b  RTC_C_IRQHandler                           
0000398b  SVC_Handler                                
0000398b  SysTick_Handler                            
0000398b  T32_INT2_IRQHandler                        
0000398b  T32_INTC_IRQHandler                        
0000398b  TA0_0_IRQHandler                           
0000398b  TA0_N_IRQHandler                           
0000398b  TA1_0_IRQHandler                           
0000398b  TA1_N_IRQHandler                           
0000398b  TA2_0_IRQHandler                           
0000398b  TA2_N_IRQHandler                           
0000398b  TA3_0_IRQHandler                           
0000398b  TA3_N_IRQHandler                           
0000398b  UsageFault_Handler                         
0000398b  WDT_A_IRQHandler                           
0000398d  CPU_cpsie                                  
00003999  _system_pre_init                           
0000399d  C$$EXIT                                    
0000399d  abort                                      
000039a0  asc2_1608                                  
00003f90  asc2_250                                   
00004404  Hzk12                                      
000046bc  asc2_0806                                  
000048e4  Hzk                                        
00004974  uartconfig                                 
000049e8  __TI_Handler_Table_Base                    
000049f4  __TI_Handler_Table_Limit                   
00004a08  __TI_CINIT_Base                            
00004a20  __TI_CINIT_Limit                           
20000000  __start___llvm_prf_cnts                    
20000000  __stop___llvm_prf_cnts                     
20000000  g_pfnRAMVectors                            
200000e8  _sys_memory                                
200004e8  flag                                       
200004ec  C8_flag                                    
200004f0  C81_flag                                   
200004f4  C1_flag                                    
200004f8  C2_flag                                    
200004fc  C3_flag                                    
20000500  C4_flag                                    
20000504  C41_flag                                   
20000508  C5_flag                                    
2000050c  C6_flag                                    
20000510  C61_flag                                   
20000514  C7_flag                                    
20000518  k                                          
2000051c  TXData                                     
20000520  ClockFrequency                             
20000524  Prewait                                    
20000528  CPMwait                                    
2000052c  Postwait                                   
20000530  IFlags                                     
20000534  Crystalstable                              
20000538  clocktime                                  
20000544  mb                                         
20000548  second_zong                                
2000054c  SystemCoreClock                            
20000550  data_buf                                   
2000056c  data_buf12                                 
20000588  time_now                                   
20000594  PeriodicTask32                             
2000fe00  __stack                                    
20010000  __STACK_END                                
4000480c  WDTCTL_SYM                                 
ffffffff  __TI_pprof_out_hndl                        
ffffffff  __TI_prof_data_size                        
ffffffff  __TI_prof_data_start                       
ffffffff  __binit__                                  
ffffffff  __c_args__                                 
ffffffff  binit                                      
UNDEFED   __mpu_init                                 
UNDEFED   _system_post_cinit                         

[202 symbols]
